<html>
<body>
<pre>
<h1>µVision Build Log</h1>
<h2>Tool Versions:</h2>
IDE-Version: µVision V5.18.0.0
Copyright (C) 2016 ARM Ltd and ARM Germany GmbH. All rights reserved.
License Information: John McCormack, Florida Polytechnic, LIC=----
 
Tool Versions:
Toolchain:       MDK-Lite  Version: 5.18
Toolchain Path:  C:\Keil_v5\ARM\ARMCC\Bin
C Compiler:      Armcc.exe V5.06 update 1 (build 61)
Assembler:       Armasm.exe V5.06 update 1 (build 61)
Linker/Locator:  ArmLink.exe V5.06 update 1 (build 61)
Library Manager: ArmAr.exe V5.06 update 1 (build 61)
Hex Converter:   FromElf.exe V5.06 update 1 (build 61)
CPU DLL:         
Dialog DLL:      DCM.DLL V1.13.6.0
Target DLL:      CMSIS_AGDI.dll V1.25.7.0
Dialog DLL:      TCM.DLL V1.14.8.0
 
<h2>Project:</h2>
C:\Users\John\Projects\DSP_Course\LAB_3\DSP_LiB.uvprojx
Project File Date:  04/14/2016

<h2>Output:</h2>
*** Using Compiler 'V5.06 update 1 (build 61)', folder: 'C:\Keil_v5\ARM\ARMCC\Bin'
Rebuild target 'LPC4088'
compiling delay.c...
compiling i2c.c...
compiling loop_intr.c...
compiling i2s.c...
compiling audio.c...
compiling dma.c...
compiling gpio.c...
assembling startup_LPC407x_8x_177x_8x.s...
compiling system_LPC407x_8x_177x_8x.c...
linking...
Program Size: Code=3168 RO-data=260 RW-data=176 ZI-data=4192  
".\obj\DSP_LiB.axf" - 0 Error(s), 0 Warning(s).

<h2>Software Packages used:</h2>

Package Vendor: ARM
                http://www.keil.com/pack/ARM.CMSIS.4.5.0.pack
                ARM::CMSIS:CORE:4.3.0
                CMSIS (Cortex Microcontroller Software Interface Standard)
   * Component: CORE Version: 4.3.0
   * Component: DSP Version: 1.4.6

Package Vendor: Keil
                http://www.keil.com/pack/Keil.LPC4000_DFP.2.0.0.pack
                Keil::Device:Startup:1.0.1
                NXP LPC4000 Series Device Support
   * Component: Startup Version: 1.0.1

<h2>Collection of Component include folders:</h2>
  C:\Users\John\Projects\DSP_Course\LAB_3\RTE
  C:\Users\John\Projects\DSP_Course\LAB_3\RTE\Device\LPC4088FET208
  C:\Keil_v5\ARM\PACK\ARM\CMSIS\4.5.0\CMSIS\Include
  C:\Keil_v5\ARM\PACK\Keil\LPC4000_DFP\2.0.0\Device\Include

<h2>Collection of Component Files used:</h2>

   * Component: ARM::CMSIS:CORE:4.3.0

   * Component: ARM::CMSIS:DSP:1.4.6
      Library file:  CMSIS\Lib\ARM\arm_cortexM4lf_math.lib
      Include file:  CMSIS\Include\arm_math.h

   * Component: Keil::Device:Startup:1.0.1
      Include file:  RTE_Driver\Config\RTE_Device.h
      Include file:  Device\Include\LPC407x_8x_177x_8x.h
      Source file:   Device\Source\system_LPC407x_8x_177x_8x.c
      Source file:   Device\Source\ARM\startup_LPC407x_8x_177x_8x.s
Build Time Elapsed:  00:00:01
</pre>
</body>
</html>
