Component: ARM Compiler 5.06 update 1 (build 61) Tool: armlink [4d35a8]

==============================================================================

Section Cross References

    loop_dma.o(.text) refers to ddiv.o(x$fpl$ddiv) for __aeabi_ddiv
    loop_dma.o(.text) refers to dmul.o(x$fpl$dmul) for __aeabi_dmul
    loop_dma.o(.text) refers to daddsub_clz.o(x$fpl$dadd) for __aeabi_dadd
    loop_dma.o(.text) refers to sqrt.o(i.__hardfp_sqrt) for __hardfp_sqrt
    loop_dma.o(.text) refers to atan2.o(i.__hardfp_atan2) for __hardfp_atan2
    loop_dma.o(.text) refers to dma.o(.text) for dma_state
    loop_dma.o(.text) refers to sqrtf.o(i.__hardfp_sqrtf) for __hardfp_sqrtf
    loop_dma.o(.text) refers to atan2f.o(i.__hardfp_atan2f) for __hardfp_atan2f
    loop_dma.o(.text) refers to cosf.o(i.__hardfp_cosf) for __hardfp_cosf
    loop_dma.o(.text) refers to sinf.o(i.__hardfp_sinf) for __hardfp_sinf
    loop_dma.o(.text) refers to f2d.o(x$fpl$f2d) for __aeabi_f2d
    loop_dma.o(.text) refers to cos.o(i.__hardfp_cos) for __hardfp_cos
    loop_dma.o(.text) refers to d2f.o(x$fpl$d2f) for __aeabi_d2f
    loop_dma.o(.text) refers to sin.o(i.__hardfp_sin) for __hardfp_sin
    loop_dma.o(.text) refers to gpio.o(.text) for gpio_set_mode
    loop_dma.o(.text) refers to audio.o(.text) for audio_init
    loop_dma.o(.text) refers to loop_dma.o(.data) for .data
    loop_dma.o(.text) refers to loop_dma.o(.bss) for .bss
    audio.o(.text) refers to gpio.o(.text) for gpio_set_mode
    audio.o(.text) refers to delay.o(.text) for delay_ms
    audio.o(.text) refers to i2c.o(.text) for i2c_write
    audio.o(.text) refers to i2s.o(.text) for i2s_init
    audio.o(.text) refers to dma.o(.text) for dma_init
    audio.o(.text) refers to audio.o(.data) for .data
    audio.o(.text) refers to audio.o(.bss) for .bss
    delay.o(.text) refers to delay.o(.emb_text) for delay_cycles
    dma.o(.text) refers to dma.o(.data) for .data
    i2c.o(.text) refers to delay.o(.text) for delay_ms
    i2s.o(.text) refers to i2s.o(.data) for .data
    startup_lpc407x_8x_177x_8x.o(STACK) refers (Special) to heapauxi.o(.text) for __use_two_region_memory
    startup_lpc407x_8x_177x_8x.o(HEAP) refers (Special) to heapauxi.o(.text) for __use_two_region_memory
    startup_lpc407x_8x_177x_8x.o(RESET) refers (Special) to heapauxi.o(.text) for __use_two_region_memory
    startup_lpc407x_8x_177x_8x.o(RESET) refers to startup_lpc407x_8x_177x_8x.o(STACK) for __initial_sp
    startup_lpc407x_8x_177x_8x.o(RESET) refers to startup_lpc407x_8x_177x_8x.o(.text) for Reset_Handler
    startup_lpc407x_8x_177x_8x.o(RESET) refers to dma.o(.text) for DMA_IRQHandler
    startup_lpc407x_8x_177x_8x.o(RESET) refers to i2s.o(.text) for I2S_IRQHandler
    startup_lpc407x_8x_177x_8x.o(.ARM.__at_0x02FC) refers (Special) to heapauxi.o(.text) for __use_two_region_memory
    startup_lpc407x_8x_177x_8x.o(.text) refers (Special) to heapauxi.o(.text) for __use_two_region_memory
    startup_lpc407x_8x_177x_8x.o(.text) refers to system_lpc407x_8x_177x_8x.o(.text) for SystemInit
    startup_lpc407x_8x_177x_8x.o(.text) refers to __main.o(!!!main) for __main
    startup_lpc407x_8x_177x_8x.o(.text) refers to startup_lpc407x_8x_177x_8x.o(HEAP) for Heap_Mem
    startup_lpc407x_8x_177x_8x.o(.text) refers to startup_lpc407x_8x_177x_8x.o(STACK) for Stack_Mem
    system_lpc407x_8x_177x_8x.o(.text) refers to system_lpc407x_8x_177x_8x.o(.data) for .data
    __main.o(!!!main) refers to __rtentry.o(.ARM.Collect$$rtentry$$00000000) for __rt_entry
    d2f.o(x$fpl$d2f) refers (Special) to usenofp.o(x$fpl$usenofp) for __I$use$fp
    d2f.o(x$fpl$d2f) refers to fretinf.o(x$fpl$fretinf) for __fpl_fretinf
    d2f.o(x$fpl$d2f) refers to dnaninf.o(x$fpl$dnaninf) for __fpl_dnaninf
    daddsub_clz.o(x$fpl$dadd) refers (Special) to usenofp.o(x$fpl$usenofp) for __I$use$fp
    daddsub_clz.o(x$fpl$dadd) refers to daddsub_clz.o(x$fpl$dsub) for _dsub1
    daddsub_clz.o(x$fpl$dadd) refers to dretinf.o(x$fpl$dretinf) for __fpl_dretinf
    daddsub_clz.o(x$fpl$dadd) refers to dnaninf.o(x$fpl$dnaninf) for __fpl_dnaninf
    daddsub_clz.o(x$fpl$drsb) refers (Special) to usenofp.o(x$fpl$usenofp) for __I$use$fp
    daddsub_clz.o(x$fpl$drsb) refers to daddsub_clz.o(x$fpl$dadd) for _dadd1
    daddsub_clz.o(x$fpl$drsb) refers to daddsub_clz.o(x$fpl$dsub) for _dsub1
    daddsub_clz.o(x$fpl$dsub) refers (Special) to usenofp.o(x$fpl$usenofp) for __I$use$fp
    daddsub_clz.o(x$fpl$dsub) refers to daddsub_clz.o(x$fpl$dadd) for _dadd1
    daddsub_clz.o(x$fpl$dsub) refers to dnaninf.o(x$fpl$dnaninf) for __fpl_dnaninf
    ddiv.o(x$fpl$drdiv) refers (Special) to usenofp.o(x$fpl$usenofp) for __I$use$fp
    ddiv.o(x$fpl$drdiv) refers to ddiv.o(x$fpl$ddiv) for ddiv_entry
    ddiv.o(x$fpl$ddiv) refers (Special) to usenofp.o(x$fpl$usenofp) for __I$use$fp
    ddiv.o(x$fpl$ddiv) refers to dretinf.o(x$fpl$dretinf) for __fpl_dretinf
    ddiv.o(x$fpl$ddiv) refers to dnaninf.o(x$fpl$dnaninf) for __fpl_dnaninf
[...]
    rred.o(i.__ieee754_rem_pio2) refers to rred.o(.constdata) for .constdata
    rred.o(i.__use_accurate_range_reduction) refers (Special) to usenofp.o(x$fpl$usenofp) for __I$use$fp
    rred.o(.constdata) refers (Special) to usenofp.o(x$fpl$usenofp) for __I$use$fp
    rredf.o(i.__mathlib_rredf2) refers (Special) to usenofp.o(x$fpl$usenofp) for __I$use$fp
    rredf.o(i.__mathlib_rredf2) refers to rredf.o(.constdata) for .constdata
    rredf.o(.constdata) refers (Special) to usenofp.o(x$fpl$usenofp) for __I$use$fp
    sin_i.o(i.__kernel_sin) refers (Special) to usenofp.o(x$fpl$usenofp) for __I$use$fp
    sin_i.o(i.__kernel_sin) refers to fpclassify.o(i.__ARM_fpclassify) for __ARM_fpclassify
    sin_i.o(i.__kernel_sin) refers to dunder.o(i.__mathlib_dbl_underflow) for __mathlib_dbl_underflow
    sin_i.o(i.__kernel_sin) refers to dmul.o(x$fpl$dmul) for __aeabi_dmul
    sin_i.o(i.__kernel_sin) refers to poly.o(i.__kernel_poly) for __kernel_poly
    sin_i.o(i.__kernel_sin) refers to daddsub_clz.o(x$fpl$dsub) for __aeabi_dsub
    sin_i.o(i.__kernel_sin) refers to daddsub_clz.o(x$fpl$drsb) for __aeabi_drsub
    sin_i.o(i.__kernel_sin) refers to daddsub_clz.o(x$fpl$dadd) for __aeabi_dadd
    sin_i.o(i.__kernel_sin) refers to sin_i.o(.constdata) for .constdata
    sin_i.o(.constdata) refers (Special) to usenofp.o(x$fpl$usenofp) for __I$use$fp
    sin_i_x.o(i.____kernel_sin$lsc) refers (Special) to usenofp.o(x$fpl$usenofp) for __I$use$fp
    sin_i_x.o(i.____kernel_sin$lsc) refers to dmul.o(x$fpl$dmul) for __aeabi_dmul
    sin_i_x.o(i.____kernel_sin$lsc) refers to poly.o(i.__kernel_poly) for __kernel_poly
    sin_i_x.o(i.____kernel_sin$lsc) refers to daddsub_clz.o(x$fpl$dsub) for __aeabi_dsub
    sin_i_x.o(i.____kernel_sin$lsc) refers to daddsub_clz.o(x$fpl$drsb) for __aeabi_drsub
    sin_i_x.o(i.____kernel_sin$lsc) refers to daddsub_clz.o(x$fpl$dadd) for __aeabi_dadd
    sin_i_x.o(i.____kernel_sin$lsc) refers to sin_i_x.o(.constdata) for .constdata
    sin_i_x.o(.constdata) refers (Special) to usenofp.o(x$fpl$usenofp) for __I$use$fp
    __rtentry2.o(.ARM.Collect$$rtentry$$00000008) refers to boardinit2.o(.text) for _platform_post_stackheap_init
    __rtentry2.o(.ARM.Collect$$rtentry$$0000000A) refers to libinit.o(.ARM.Collect$$libinit$$00000000) for __rt_lib_init
    __rtentry2.o(.ARM.Collect$$rtentry$$0000000B) refers to boardinit3.o(.text) for _platform_post_lib_init
    __rtentry2.o(.ARM.Collect$$rtentry$$0000000D) refers to loop_dma.o(.text) for main
    __rtentry2.o(.ARM.Collect$$rtentry$$0000000D) refers to exit.o(.text) for exit
    __rtentry2.o(.ARM.exidx) refers to __rtentry2.o(.ARM.Collect$$rtentry$$00000001) for .ARM.Collect$$rtentry$$00000001
    __rtentry2.o(.ARM.exidx) refers to __rtentry2.o(.ARM.Collect$$rtentry$$00000008) for .ARM.Collect$$rtentry$$00000008
    __rtentry2.o(.ARM.exidx) refers to __rtentry2.o(.ARM.Collect$$rtentry$$0000000A) for .ARM.Collect$$rtentry$$0000000A
    __rtentry2.o(.ARM.exidx) refers to __rtentry2.o(.ARM.Collect$$rtentry$$0000000B) for .ARM.Collect$$rtentry$$0000000B
    __rtentry2.o(.ARM.exidx) refers to __rtentry2.o(.ARM.Collect$$rtentry$$0000000D) for .ARM.Collect$$rtentry$$0000000D
    __rtentry4.o(.ARM.Collect$$rtentry$$00000004) refers to sys_stackheap_outer.o(.text) for __user_setup_stackheap
    __rtentry4.o(.ARM.exidx) refers to __rtentry4.o(.ARM.Collect$$rtentry$$00000004) for .ARM.Collect$$rtentry$$00000004
    rt_errno_addr.o(.text) refers to rt_errno_addr.o(.bss) for __aeabi_errno_addr_data
    rt_errno_addr_intlibspace.o(.text) refers to libspace.o(.bss) for __libspace_start
    dcmpi.o(x$fpl$dcmpinf) refers (Special) to usenofp.o(x$fpl$usenofp) for __I$use$fp
    dfix.o(x$fpl$dfix) refers (Special) to usenofp.o(x$fpl$usenofp) for __I$use$fp
    dfix.o(x$fpl$dfix) refers to dnaninf.o(x$fpl$dnaninf) for __fpl_dnaninf
    dfix.o(x$fpl$dfixr) refers (Special) to usenofp.o(x$fpl$usenofp) for __I$use$fp
    dfix.o(x$fpl$dfixr) refers to dnaninf.o(x$fpl$dnaninf) for __fpl_dnaninf
    dflt_clz.o(x$fpl$dfltu) refers (Special) to usenofp.o(x$fpl$usenofp) for __I$use$fp
    dflt_clz.o(x$fpl$dflt) refers (Special) to usenofp.o(x$fpl$usenofp) for __I$use$fp
    dflt_clz.o(x$fpl$dfltn) refers (Special) to usenofp.o(x$fpl$usenofp) for __I$use$fp
    fpclassify.o(i.__ARM_fpclassify) refers (Special) to usenofp.o(x$fpl$usenofp) for __I$use$fp
    poly.o(i.__kernel_poly) refers (Special) to usenofp.o(x$fpl$usenofp) for __I$use$fp
    poly.o(i.__kernel_poly) refers to dmul.o(x$fpl$dmul) for __aeabi_dmul
    poly.o(i.__kernel_poly) refers to daddsub_clz.o(x$fpl$dadd) for __aeabi_dadd
    libspace.o(.text) refers to libspace.o(.bss) for __libspace_start
    sys_stackheap_outer.o(.text) refers to libspace.o(.text) for __user_perproc_libspace
    sys_stackheap_outer.o(.text) refers to startup_lpc407x_8x_177x_8x.o(.text) for __user_initial_stackheap
    exit.o(.text) refers to rtexit.o(.ARM.Collect$$rtexit$$00000000) for __rt_exit
    libinit.o(.ARM.Collect$$libinit$$00000000) refers (Special) to libinit2.o(.ARM.Collect$$libinit$$0000002E) for __rt_lib_init_alloca_1
    libinit.o(.ARM.Collect$$libinit$$00000000) refers (Special) to libinit2.o(.ARM.Collect$$libinit$$0000002C) for __rt_lib_init_argv_1
    libinit.o(.ARM.Collect$$libinit$$00000000) refers (Special) to libinit2.o(.ARM.Collect$$libinit$$0000001B) for __rt_lib_init_atexit_1
    libinit.o(.ARM.Collect$$libinit$$00000000) refers (Special) to libinit2.o(.ARM.Collect$$libinit$$00000021) for __rt_lib_init_clock_1
    libinit.o(.ARM.Collect$$libinit$$00000000) refers (Special) to libinit2.o(.ARM.Collect$$libinit$$00000032) for __rt_lib_init_cpp_1
    libinit.o(.ARM.Collect$$libinit$$00000000) refers (Special) to libinit2.o(.ARM.Collect$$libinit$$00000030) for __rt_lib_init_exceptions_1
    libinit.o(.ARM.Collect$$libinit$$00000000) refers (Special) to libinit2.o(.ARM.Collect$$libinit$$00000001) for __rt_lib_init_fp_1
    libinit.o(.ARM.Collect$$libinit$$00000000) refers (Special) to libinit2.o(.ARM.Collect$$libinit$$0000001F) for __rt_lib_init_fp_trap_1
    libinit.o(.ARM.Collect$$libinit$$00000000) refers (Special) to libinit2.o(.ARM.Collect$$libinit$$00000023) for __rt_lib_init_getenv_1
    libinit.o(.ARM.Collect$$libinit$$00000000) refers (Special) to libinit2.o(.ARM.Collect$$libinit$$0000000A) for __rt_lib_init_heap_1
    libinit.o(.ARM.Collect$$libinit$$00000000) refers (Special) to libinit2.o(.ARM.Collect$$libinit$$00000011) for __rt_lib_init_lc_collate_1
    libinit.o(.ARM.Collect$$libinit$$00000000) refers (Special) to libinit2.o(.ARM.Collect$$libinit$$00000013) for __rt_lib_init_lc_ctype_1
    libinit.o(.ARM.Collect$$libinit$$00000000) refers (Special) to libinit2.o(.ARM.Collect$$libinit$$00000015) for __rt_lib_init_lc_monetary_1
    libinit.o(.ARM.Collect$$libinit$$00000000) refers (Special) to libinit2.o(.ARM.Collect$$libinit$$00000017) for __rt_lib_init_lc_numeric_1
    libinit.o(.ARM.Collect$$libinit$$00000000) refers (Special) to libinit2.o(.ARM.Collect$$libinit$$00000019) for __rt_lib_init_lc_time_1
    libinit.o(.ARM.Collect$$libinit$$00000000) refers (Special) to libinit2.o(.ARM.Collect$$libinit$$00000004) for __rt_lib_init_preinit_1
    libinit.o(.ARM.Collect$$libinit$$00000000) refers (Special) to libinit2.o(.ARM.Collect$$libinit$$0000000E) for __rt_lib_init_rand_1
    libinit.o(.ARM.Collect$$libinit$$00000000) refers (Special) to libinit2.o(.ARM.Collect$$libinit$$00000033) for __rt_lib_init_return
    libinit.o(.ARM.Collect$$libinit$$00000000) refers (Special) to libinit2.o(.ARM.Collect$$libinit$$0000001D) for __rt_lib_init_signal_1
    libinit.o(.ARM.Collect$$libinit$$00000000) refers (Special) to libinit2.o(.ARM.Collect$$libinit$$00000025) for __rt_lib_init_stdio_1
    libinit.o(.ARM.Collect$$libinit$$00000000) refers (Special) to libinit2.o(.ARM.Collect$$libinit$$0000000C) for __rt_lib_init_user_alloc_1
    rtexit.o(.ARM.Collect$$rtexit$$00000000) refers (Special) to rtexit2.o(.ARM.Collect$$rtexit$$00000004) for __rt_exit_exit
    rtexit.o(.ARM.Collect$$rtexit$$00000000) refers (Special) to rtexit2.o(.ARM.Collect$$rtexit$$00000003) for __rt_exit_ls
    rtexit.o(.ARM.Collect$$rtexit$$00000000) refers (Special) to rtexit2.o(.ARM.Collect$$rtexit$$00000002) for __rt_exit_prels_1
    rtexit.o(.ARM.exidx) refers (Special) to rtexit2.o(.ARM.Collect$$rtexit$$00000004) for __rt_exit_exit
    rtexit.o(.ARM.exidx) refers (Special) to rtexit2.o(.ARM.Collect$$rtexit$$00000003) for __rt_exit_ls
    rtexit.o(.ARM.exidx) refers (Special) to rtexit2.o(.ARM.Collect$$rtexit$$00000002) for __rt_exit_prels_1
    rtexit.o(.ARM.exidx) refers to rtexit.o(.ARM.Collect$$rtexit$$00000000) for .ARM.Collect$$rtexit$$00000000
    libinit2.o(.ARM.Collect$$libinit$$00000001) refers to fpinit.o(x$fpl$fpinit) for _fp_init
    libinit2.o(.ARM.Collect$$libinit$$00000010) refers to libinit2.o(.ARM.Collect$$libinit$$0000000F) for .ARM.Collect$$libinit$$0000000F
    libinit2.o(.ARM.Collect$$libinit$$00000012) refers to libinit2.o(.ARM.Collect$$libinit$$0000000F) for .ARM.Collect$$libinit$$0000000F
    libinit2.o(.ARM.Collect$$libinit$$00000014) refers to libinit2.o(.ARM.Collect$$libinit$$0000000F) for .ARM.Collect$$libinit$$0000000F
    libinit2.o(.ARM.Collect$$libinit$$00000016) refers to libinit2.o(.ARM.Collect$$libinit$$0000000F) for .ARM.Collect$$libinit$$0000000F
    libinit2.o(.ARM.Collect$$libinit$$00000018) refers to libinit2.o(.ARM.Collect$$libinit$$0000000F) for .ARM.Collect$$libinit$$0000000F
    libinit2.o(.ARM.Collect$$libinit$$00000026) refers to argv_veneer.o(.emb_text) for __ARM_argv_veneer
    libinit2.o(.ARM.Collect$$libinit$$00000027) refers to argv_veneer.o(.emb_text) for __ARM_argv_veneer
    rtexit2.o(.ARM.Collect$$rtexit$$00000003) refers to libshutdown.o(.ARM.Collect$$libshutdown$$00000000) for __rt_lib_shutdown
    rtexit2.o(.ARM.Collect$$rtexit$$00000004) refers to sys_exit.o(.text) for _sys_exit
    rtexit2.o(.ARM.exidx) refers to rtexit2.o(.ARM.Collect$$rtexit$$00000001) for .ARM.Collect$$rtexit$$00000001
    rtexit2.o(.ARM.exidx) refers to rtexit2.o(.ARM.Collect$$rtexit$$00000003) for .ARM.Collect$$rtexit$$00000003
    rtexit2.o(.ARM.exidx) refers to rtexit2.o(.ARM.Collect$$rtexit$$00000004) for .ARM.Collect$$rtexit$$00000004
    argv_veneer.o(.emb_text) refers to no_argv.o(.text) for __ARM_get_argv
    sys_exit.o(.text) refers (Special) to use_no_semi.o(.text) for __I$use$semihosting
    sys_exit.o(.text) refers (Special) to indicate_semi.o(.text) for __semihosting_library_function
    _get_argv_nomalloc.o(.text) refers (Special) to hrguard.o(.text) for __heap_region$guard
    _get_argv_nomalloc.o(.text) refers to defsig_rtmem_outer.o(.text) for __rt_SIGRTMEM
    _get_argv_nomalloc.o(.text) refers to sys_command.o(.text) for _sys_command_string
    libshutdown.o(.ARM.Collect$$libshutdown$$00000000) refers (Special) to libshutdown2.o(.ARM.Collect$$libshutdown$$00000002) for __rt_lib_shutdown_cpp_1
    libshutdown.o(.ARM.Collect$$libshutdown$$00000000) refers (Special) to libshutdown2.o(.ARM.Collect$$libshutdown$$00000007) for __rt_lib_shutdown_fp_trap_1
    libshutdown.o(.ARM.Collect$$libshutdown$$00000000) refers (Special) to libshutdown2.o(.ARM.Collect$$libshutdown$$0000000F) for __rt_lib_shutdown_heap_1
    libshutdown.o(.ARM.Collect$$libshutdown$$00000000) refers (Special) to libshutdown2.o(.ARM.Collect$$libshutdown$$00000010) for __rt_lib_shutdown_return
    libshutdown.o(.ARM.Collect$$libshutdown$$00000000) refers (Special) to libshutdown2.o(.ARM.Collect$$libshutdown$$0000000A) for __rt_lib_shutdown_signal_1
    libshutdown.o(.ARM.Collect$$libshutdown$$00000000) refers (Special) to libshutdown2.o(.ARM.Collect$$libshutdown$$00000004) for __rt_lib_shutdown_stdio_1
    libshutdown.o(.ARM.Collect$$libshutdown$$00000000) refers (Special) to libshutdown2.o(.ARM.Collect$$libshutdown$$0000000C) for __rt_lib_shutdown_user_alloc_1
    sys_command.o(.text) refers (Special) to use_no_semi.o(.text) for __I$use$semihosting
    sys_command.o(.text) refers (Special) to indicate_semi.o(.text) for __semihosting_library_function
    defsig_rtmem_outer.o(.text) refers to defsig_rtmem_inner.o(.text) for __rt_SIGRTMEM_inner
    defsig_rtmem_outer.o(.text) refers to defsig_exit.o(.text) for __sig_exit
    defsig_rtmem_formal.o(.text) refers to rt_raise.o(.text) for __rt_raise
    rt_raise.o(.text) refers to __raise.o(.text) for __raise
    rt_raise.o(.text) refers to sys_exit.o(.text) for _sys_exit
    defsig_exit.o(.text) refers to sys_exit.o(.text) for _sys_exit
    defsig_rtmem_inner.o(.text) refers to defsig_general.o(.text) for __default_signal_display
    __raise.o(.text) refers to defsig.o(CL$$defsig) for __default_signal_handler
    defsig_general.o(.text) refers to sys_wrch.o(.text) for _ttywrch
    sys_wrch.o(.text) refers (Special) to use_no_semi.o(.text) for __I$use$semihosting
    sys_wrch.o(.text) refers (Special) to indicate_semi.o(.text) for __semihosting_library_function
    defsig.o(CL$$defsig) refers to defsig_rtmem_inner.o(.text) for __rt_SIGRTMEM_inner
    defsig_abrt_inner.o(.text) refers to defsig_general.o(.text) for __default_signal_display
    defsig_fpe_inner.o(.text) refers to defsig_general.o(.text) for __default_signal_display
    defsig_rtred_inner.o(.text) refers to defsig_general.o(.text) for __default_signal_display
    defsig_stak_inner.o(.text) refers to defsig_general.o(.text) for __default_signal_display
    defsig_pvfn_inner.o(.text) refers to defsig_general.o(.text) for __default_signal_display
    defsig_cppl_inner.o(.text) refers to defsig_general.o(.text) for __default_signal_display
    defsig_segv_inner.o(.text) refers to defsig_general.o(.text) for __default_signal_display
    defsig_other.o(.text) refers to defsig_general.o(.text) for __default_signal_display


==============================================================================

Removing Unused input sections from the image.

    Removing loop_dma.o(.rev16_text), (4 bytes).
    Removing loop_dma.o(.revsh_text), (4 bytes).
    Removing loop_dma.o(.rrx_text), (6 bytes).
    Removing loop_dma.o(.bss), (256 bytes).
    Removing loop_dma.o(.data), (512 bytes).
    Removing audio.o(.rev16_text), (4 bytes).
    Removing audio.o(.revsh_text), (4 bytes).
    Removing audio.o(.rrx_text), (6 bytes).
    Removing dma.o(.rev16_text), (4 bytes).
    Removing dma.o(.revsh_text), (4 bytes).
    Removing dma.o(.rrx_text), (6 bytes).
    Removing gpio.o(.rev16_text), (4 bytes).
    Removing gpio.o(.revsh_text), (4 bytes).
    Removing gpio.o(.rrx_text), (6 bytes).
    Removing i2c.o(.rev16_text), (4 bytes).
    Removing i2c.o(.revsh_text), (4 bytes).
    Removing i2c.o(.rrx_text), (6 bytes).
    Removing i2s.o(.rev16_text), (4 bytes).
    Removing i2s.o(.revsh_text), (4 bytes).
    Removing i2s.o(.rrx_text), (6 bytes).
    Removing system_lpc407x_8x_177x_8x.o(.rev16_text), (4 bytes).
    Removing system_lpc407x_8x_177x_8x.o(.revsh_text), (4 bytes).
    Removing system_lpc407x_8x_177x_8x.o(.rrx_text), (6 bytes).

23 unused section(s) (total 866 bytes) removed from the image.

==============================================================================

Image Symbol Table

    Local Symbols

    Symbol Name                              Value     Ov Type        Size  Object(Section)

    RESET                                    0x00000000   Section      228  startup_lpc407x_8x_177x_8x.o(RESET)
    ../clib/angel/boardlib.s                 0x00000000   Number         0  boardshut.o ABSOLUTE
    ../clib/angel/boardlib.s                 0x00000000   Number         0  boardinit3.o ABSOLUTE
    ../clib/angel/boardlib.s                 0x00000000   Number         0  boardinit2.o ABSOLUTE
    ../clib/angel/boardlib.s                 0x00000000   Number         0  boardinit1.o ABSOLUTE
    ../clib/angel/handlers.s                 0x00000000   Number         0  __scatter_copy.o ABSOLUTE
    ../clib/angel/handlers.s                 0x00000000   Number         0  __scatter_zi.o ABSOLUTE
    ../clib/angel/kernel.s                   0x00000000   Number         0  __rtentry.o ABSOLUTE
    ../clib/angel/kernel.s                   0x00000000   Number         0  rtexit2.o ABSOLUTE
    ../clib/angel/kernel.s                   0x00000000   Number         0  rtexit.o ABSOLUTE
    ../clib/angel/kernel.s                   0x00000000   Number         0  __rtentry2.o ABSOLUTE
    ../clib/angel/kernel.s                   0x00000000   Number         0  __rtentry4.o ABSOLUTE
    ../clib/angel/rt.s                       0x00000000   Number         0  rt_raise.o ABSOLUTE
    ../clib/angel/rt.s                       0x00000000   Number         0  rt_errno_addr.o ABSOLUTE
    ../clib/angel/rt.s                       0x00000000   Number         0  rt_errno_addr_intlibspace.o ABSOLUTE
    ../clib/angel/scatter.s                  0x00000000   Number         0  __scatter.o ABSOLUTE
    ../clib/angel/startup.s                  0x00000000   Number         0  __main.o ABSOLUTE
    ../clib/angel/sys.s                      0x00000000   Number         0  libspace.o ABSOLUTE
    ../clib/angel/sys.s                      0x00000000   Number         0  indicate_semi.o ABSOLUTE
    ../clib/angel/sys.s                      0x00000000   Number         0  use_no_semi.o ABSOLUTE
    ../clib/angel/sys.s                      0x00000000   Number         0  sys_stackheap_outer.o ABSOLUTE
    ../clib/angel/sysapp.c                   0x00000000   Number         0  sys_wrch.o ABSOLUTE
    ../clib/angel/sysapp.c                   0x00000000   Number         0  sys_exit.o ABSOLUTE
    ../clib/angel/sysapp.c                   0x00000000   Number         0  sys_command.o ABSOLUTE
    ../clib/armsys.c                         0x00000000   Number         0  argv_veneer.o ABSOLUTE
    ../clib/armsys.c                         0x00000000   Number         0  no_argv.o ABSOLUTE
    ../clib/armsys.c                         0x00000000   Number         0  _get_argv_nomalloc.o ABSOLUTE
    ../clib/armsys.c                         0x00000000   Number         0  argv_veneer.o ABSOLUTE
    ../clib/fenv.c                           0x00000000   Number         0  _rserrno.o ABSOLUTE
    ../clib/heapalloc.c                      0x00000000   Number         0  hrguard.o ABSOLUTE
    ../clib/heapaux.c                        0x00000000   Number         0  heapauxi.o ABSOLUTE
    ../clib/libinit.s                        0x00000000   Number         0  libshutdown2.o ABSOLUTE
    ../clib/libinit.s                        0x00000000   Number         0  libshutdown.o ABSOLUTE
    ../clib/libinit.s                        0x00000000   Number         0  libinit.o ABSOLUTE
    ../clib/libinit.s                        0x00000000   Number         0  libinit2.o ABSOLUTE
    ../clib/signal.c                         0x00000000   Number         0  defsig_rtmem_inner.o ABSOLUTE
    ../clib/signal.c                         0x00000000   Number         0  defsig_fpe_inner.o ABSOLUTE
    ../clib/signal.c                         0x00000000   Number         0  defsig_abrt_inner.o ABSOLUTE
    ../clib/signal.c                         0x00000000   Number         0  defsig_general.o ABSOLUTE
    ../clib/signal.c                         0x00000000   Number         0  __raise.o ABSOLUTE
    ../clib/signal.c                         0x00000000   Number         0  defsig_exit.o ABSOLUTE
    ../clib/signal.c                         0x00000000   Number         0  defsig_other.o ABSOLUTE
    ../clib/signal.c                         0x00000000   Number         0  defsig_segv_inner.o ABSOLUTE
    ../clib/signal.c                         0x00000000   Number         0  defsig_cppl_inner.o ABSOLUTE
    ../clib/signal.c                         0x00000000   Number         0  defsig_stak_inner.o ABSOLUTE
    ../clib/signal.c                         0x00000000   Number         0  defsig_pvfn_inner.o ABSOLUTE
    ../clib/signal.c                         0x00000000   Number         0  defsig_rtred_inner.o ABSOLUTE
    ../clib/signal.c                         0x00000000   Number         0  defsig_rtmem_formal.o ABSOLUTE
    ../clib/signal.c                         0x00000000   Number         0  defsig_rtmem_outer.o ABSOLUTE
    ../clib/signal.s                         0x00000000   Number         0  defsig.o ABSOLUTE
    ../clib/stdlib.c                         0x00000000   Number         0  exit.o ABSOLUTE
    ../fplib/basic.s                         0x00000000   Number         0  basic.o ABSOLUTE
    ../fplib/d2f.s                           0x00000000   Number         0  d2f.o ABSOLUTE
    ../fplib/daddsub.s                       0x00000000   Number         0  daddsub_clz.o ABSOLUTE
    ../fplib/dcmpi.s                         0x00000000   Number         0  dcmpi.o ABSOLUTE
    ../fplib/ddiv.s                          0x00000000   Number         0  ddiv.o ABSOLUTE
    ../fplib/dfix.s                          0x00000000   Number         0  dfix.o ABSOLUTE
    ../fplib/dflt.s                          0x00000000   Number         0  dflt_clz.o ABSOLUTE
    ../fplib/dleqf.s                         0x00000000   Number         0  dleqf.o ABSOLUTE
    ../fplib/dmul.s                          0x00000000   Number         0  dmul.o ABSOLUTE
    ../fplib/dnaninf.s                       0x00000000   Number         0  dnaninf.o ABSOLUTE
    ../fplib/dretinf.s                       0x00000000   Number         0  dretinf.o ABSOLUTE
    ../fplib/dsqrt.s                         0x00000000   Number         0  dsqrt_umaal.o ABSOLUTE
    ../fplib/f2d.s                           0x00000000   Number         0  f2d.o ABSOLUTE
    ../fplib/fnaninf.s                       0x00000000   Number         0  fnaninf.o ABSOLUTE
    ../fplib/fpinit.s                        0x00000000   Number         0  fpinit.o ABSOLUTE
    ../fplib/fretinf.s                       0x00000000   Number         0  fretinf.o ABSOLUTE
    ../fplib/usenofp.s                       0x00000000   Number         0  usenofp.o ABSOLUTE
    ../mathlib/atan.c                        0x00000000   Number         0  atan.o ABSOLUTE
    ../mathlib/atan.c                        0x00000000   Number         0  atan_x.o ABSOLUTE
    ../mathlib/atan2.c                       0x00000000   Number         0  atan2_x.o ABSOLUTE
    ../mathlib/atan2.c                       0x00000000   Number         0  atan2.o ABSOLUTE
    ../mathlib/atan2f.c                      0x00000000   Number         0  atan2f_x.o ABSOLUTE
    ../mathlib/atan2f.c                      0x00000000   Number         0  atan2f.o ABSOLUTE
    ../mathlib/cos.c                         0x00000000   Number         0  cos.o ABSOLUTE
    ../mathlib/cos.c                         0x00000000   Number         0  cos_x.o ABSOLUTE
    ../mathlib/cos_i.c                       0x00000000   Number         0  cos_i.o ABSOLUTE
    ../mathlib/cosf.c                        0x00000000   Number         0  cosf.o ABSOLUTE
    ../mathlib/cosf.c                        0x00000000   Number         0  cosf_x.o ABSOLUTE
    ../mathlib/dunder.c                      0x00000000   Number         0  dunder.o ABSOLUTE
    ../mathlib/fabs.c                        0x00000000   Number         0  fabs.o ABSOLUTE
    ../mathlib/fpclassify.c                  0x00000000   Number         0  fpclassify.o ABSOLUTE
    ../mathlib/fpclassifyf.c                 0x00000000   Number         0  fpclassifyf.o ABSOLUTE
    ../mathlib/funder.c                      0x00000000   Number         0  funder.o ABSOLUTE
    ../mathlib/poly.c                        0x00000000   Number         0  poly.o ABSOLUTE
    ../mathlib/qnan.c                        0x00000000   Number         0  qnan.o ABSOLUTE
    ../mathlib/rred.c                        0x00000000   Number         0  rred.o ABSOLUTE
    ../mathlib/rredf.c                       0x00000000   Number         0  rredf.o ABSOLUTE
    ../mathlib/sin.c                         0x00000000   Number         0  sin.o ABSOLUTE
    ../mathlib/sin.c                         0x00000000   Number         0  sin_x.o ABSOLUTE
    ../mathlib/sin_i.c                       0x00000000   Number         0  sin_i_x.o ABSOLUTE
    ../mathlib/sin_i.c                       0x00000000   Number         0  sin_i.o ABSOLUTE
    ../mathlib/sinf.c                        0x00000000   Number         0  sinf.o ABSOLUTE
    ../mathlib/sinf.c                        0x00000000   Number         0  sinf_x.o ABSOLUTE
    ../mathlib/sqrt.c                        0x00000000   Number         0  sqrt.o ABSOLUTE
    ../mathlib/sqrt.c                        0x00000000   Number         0  sqrt_x.o ABSOLUTE
    ../mathlib/sqrtf.c                       0x00000000   Number         0  sqrtf.o ABSOLUTE
    ../mathlib/sqrtf.c                       0x00000000   Number         0  sqrtf_x.o ABSOLUTE
    RTE\Device\LPC4088FET208\startup_LPC407x_8x_177x_8x.s 0x00000000   Number         0  startup_lpc407x_8x_177x_8x.o ABSOLUTE
    RTE\Device\LPC4088FET208\system_LPC407x_8x_177x_8x.c 0x00000000   Number         0  system_lpc407x_8x_177x_8x.o ABSOLUTE
    RTE\\Device\\LPC4088FET208\\system_LPC407x_8x_177x_8x.c 0x00000000   Number         0  system_lpc407x_8x_177x_8x.o ABSOLUTE
    dc.s                                     0x00000000   Number         0  dc.o ABSOLUTE
    drivers\\audio.c                         0x00000000   Number         0  audio.o ABSOLUTE
    drivers\\delay.c                         0x00000000   Number         0  delay.o ABSOLUTE
    drivers\\dma.c                           0x00000000   Number         0  dma.o ABSOLUTE
    drivers\\gpio.c                          0x00000000   Number         0  gpio.o ABSOLUTE
    drivers\\i2c.c                           0x00000000   Number         0  i2c.o ABSOLUTE
    drivers\\i2s.c                           0x00000000   Number         0  i2s.o ABSOLUTE
    drivers\audio.c                          0x00000000   Number         0  audio.o ABSOLUTE
    drivers\delay.c                          0x00000000   Number         0  delay.o ABSOLUTE
    drivers\dma.c                            0x00000000   Number         0  dma.o ABSOLUTE
    drivers\gpio.c                           0x00000000   Number         0  gpio.o ABSOLUTE
    drivers\i2c.c                            0x00000000   Number         0  i2c.o ABSOLUTE
    drivers\i2s.c                            0x00000000   Number         0  i2s.o ABSOLUTE
    src\\loop_dma.c                          0x00000000   Number         0  loop_dma.o ABSOLUTE
    src\loop_dma.c                           0x00000000   Number         0  loop_dma.o ABSOLUTE
    !!!main                                  0x000000e4   Section        8  __main.o(!!!main)
    !!!scatter                               0x000000ec   Section       52  __scatter.o(!!!scatter)
    !!handler_copy                           0x00000120   Section       26  __scatter_copy.o(!!handler_copy)
    !!handler_zi                             0x0000013c   Section       28  __scatter_zi.o(!!handler_zi)
    .ARM.Collect$$libinit$$00000000          0x00000158   Section        2  libinit.o(.ARM.Collect$$libinit$$00000000)
    .ARM.Collect$$libinit$$00000001          0x0000015a   Section        4  libinit2.o(.ARM.Collect$$libinit$$00000001)
    .ARM.Collect$$libinit$$00000004          0x0000015e   Section        0  libinit2.o(.ARM.Collect$$libinit$$00000004)
    .ARM.Collect$$libinit$$0000000A          0x0000015e   Section        0  libinit2.o(.ARM.Collect$$libinit$$0000000A)
    .ARM.Collect$$libinit$$0000000C          0x0000015e   Section        0  libinit2.o(.ARM.Collect$$libinit$$0000000C)
    .ARM.Collect$$libinit$$0000000E          0x0000015e   Section        0  libinit2.o(.ARM.Collect$$libinit$$0000000E)
    .ARM.Collect$$libinit$$00000011          0x0000015e   Section        0  libinit2.o(.ARM.Collect$$libinit$$00000011)
    .ARM.Collect$$libinit$$00000013          0x0000015e   Section        0  libinit2.o(.ARM.Collect$$libinit$$00000013)
    .ARM.Collect$$libinit$$00000015          0x0000015e   Section        0  libinit2.o(.ARM.Collect$$libinit$$00000015)
    .ARM.Collect$$libinit$$00000017          0x0000015e   Section        0  libinit2.o(.ARM.Collect$$libinit$$00000017)
    .ARM.Collect$$libinit$$00000019          0x0000015e   Section        0  libinit2.o(.ARM.Collect$$libinit$$00000019)
    .ARM.Collect$$libinit$$0000001B          0x0000015e   Section        0  libinit2.o(.ARM.Collect$$libinit$$0000001B)
    .ARM.Collect$$libinit$$0000001D          0x0000015e   Section        0  libinit2.o(.ARM.Collect$$libinit$$0000001D)
    .ARM.Collect$$libinit$$0000001F          0x0000015e   Section        0  libinit2.o(.ARM.Collect$$libinit$$0000001F)
    .ARM.Collect$$libinit$$00000021          0x0000015e   Section        0  libinit2.o(.ARM.Collect$$libinit$$00000021)
    .ARM.Collect$$libinit$$00000023          0x0000015e   Section        0  libinit2.o(.ARM.Collect$$libinit$$00000023)
    .ARM.Collect$$libinit$$00000025          0x0000015e   Section        0  libinit2.o(.ARM.Collect$$libinit$$00000025)
    .ARM.Collect$$libinit$$0000002C          0x0000015e   Section        0  libinit2.o(.ARM.Collect$$libinit$$0000002C)
    .ARM.Collect$$libinit$$0000002E          0x0000015e   Section        0  libinit2.o(.ARM.Collect$$libinit$$0000002E)
    .ARM.Collect$$libinit$$00000030          0x0000015e   Section        0  libinit2.o(.ARM.Collect$$libinit$$00000030)
    .ARM.Collect$$libinit$$00000032          0x0000015e   Section        0  libinit2.o(.ARM.Collect$$libinit$$00000032)
    .ARM.Collect$$libinit$$00000033          0x0000015e   Section        2  libinit2.o(.ARM.Collect$$libinit$$00000033)
    .ARM.Collect$$libshutdown$$00000000      0x00000160   Section        2  libshutdown.o(.ARM.Collect$$libshutdown$$00000000)
    .ARM.Collect$$libshutdown$$00000002      0x00000162   Section        0  libshutdown2.o(.ARM.Collect$$libshutdown$$00000002)
    .ARM.Collect$$libshutdown$$00000004      0x00000162   Section        0  libshutdown2.o(.ARM.Collect$$libshutdown$$00000004)
    .ARM.Collect$$libshutdown$$00000007      0x00000162   Section        0  libshutdown2.o(.ARM.Collect$$libshutdown$$00000007)
    .ARM.Collect$$libshutdown$$0000000A      0x00000162   Section        0  libshutdown2.o(.ARM.Collect$$libshutdown$$0000000A)
    .ARM.Collect$$libshutdown$$0000000C      0x00000162   Section        0  libshutdown2.o(.ARM.Collect$$libshutdown$$0000000C)
    .ARM.Collect$$libshutdown$$0000000F      0x00000162   Section        0  libshutdown2.o(.ARM.Collect$$libshutdown$$0000000F)
    .ARM.Collect$$libshutdown$$00000010      0x00000162   Section        2  libshutdown2.o(.ARM.Collect$$libshutdown$$00000010)
    .ARM.Collect$$rtentry$$00000000          0x00000164   Section        0  __rtentry.o(.ARM.Collect$$rtentry$$00000000)
    .ARM.Collect$$rtentry$$00000002          0x00000164   Section        0  __rtentry2.o(.ARM.Collect$$rtentry$$00000002)
    .ARM.Collect$$rtentry$$00000004          0x00000164   Section        6  __rtentry4.o(.ARM.Collect$$rtentry$$00000004)
    .ARM.Collect$$rtentry$$00000009          0x0000016a   Section        0  __rtentry2.o(.ARM.Collect$$rtentry$$00000009)
    .ARM.Collect$$rtentry$$0000000A          0x0000016a   Section        4  __rtentry2.o(.ARM.Collect$$rtentry$$0000000A)
    .ARM.Collect$$rtentry$$0000000C          0x0000016e   Section        0  __rtentry2.o(.ARM.Collect$$rtentry$$0000000C)
    .ARM.Collect$$rtentry$$0000000D          0x0000016e   Section        8  __rtentry2.o(.ARM.Collect$$rtentry$$0000000D)
    .ARM.Collect$$rtexit$$00000000           0x00000176   Section        2  rtexit.o(.ARM.Collect$$rtexit$$00000000)
    .ARM.Collect$$rtexit$$00000002           0x00000178   Section        0  rtexit2.o(.ARM.Collect$$rtexit$$00000002)
    .ARM.Collect$$rtexit$$00000003           0x00000178   Section        4  rtexit2.o(.ARM.Collect$$rtexit$$00000003)
    .ARM.Collect$$rtexit$$00000004           0x0000017c   Section        6  rtexit2.o(.ARM.Collect$$rtexit$$00000004)
    .emb_text                                0x00000184   Section       10  delay.o(.emb_text)
    $v0                                      0x00000184   Number         0  delay.o(.emb_text)
    .text                                    0x00000190   Section        0  delay.o(.text)
    .text                                    0x000001e4   Section        0  gpio.o(.text)
    .text                                    0x000002dc   Section        0  heapauxi.o(.text)
    .text                                    0x000002e2   Section        0  _rserrno.o(.text)
    .text                                    0x000002f8   Section        2  use_no_semi.o(.text)
    .text                                    0x000002fa   Section        0  indicate_semi.o(.text)
    x$fpl$usenofp                            0x000002fa   Section        0  usenofp.o(x$fpl$usenofp)
    .ARM.__at_0x02FC                         0x000002fc   Section        4  startup_lpc407x_8x_177x_8x.o(.ARM.__at_0x02FC)
    .text                                    0x00000300   Section        0  loop_dma.o(.text)
    .text                                    0x00000850   Section        0  audio.o(.text)
    .text                                    0x00000a00   Section        0  dma.o(.text)
    .text                                    0x00000c4c   Section        0  i2c.o(.text)
    .text                                    0x00000d0c   Section        0  i2s.o(.text)
    .text                                    0x00000ecc   Section       60  startup_lpc407x_8x_177x_8x.o(.text)
    $v0                                      0x00000ecc   Number         0  startup_lpc407x_8x_177x_8x.o(.text)
    .text                                    0x00000f08   Section        0  system_lpc407x_8x_177x_8x.o(.text)
    .text                                    0x00001128   Section        8  rt_errno_addr_intlibspace.o(.text)
    .text                                    0x00001130   Section        8  libspace.o(.text)
    .text                                    0x00001138   Section       74  sys_stackheap_outer.o(.text)
    .text                                    0x00001182   Section        0  exit.o(.text)
    .text                                    0x00001194   Section        0  sys_exit.o(.text)
    i.__ARM_fpclassify                       0x000011a0   Section        0  fpclassify.o(i.__ARM_fpclassify)
    i.__ARM_fpclassifyf                      0x000011d0   Section        0  fpclassifyf.o(i.__ARM_fpclassifyf)
    i.__hardfp_atan                          0x000011f8   Section        0  atan.o(i.__hardfp_atan)
    i.__hardfp_atan2                         0x000014d0   Section        0  atan2.o(i.__hardfp_atan2)
    i.__hardfp_atan2f                        0x000016c0   Section        0  atan2f.o(i.__hardfp_atan2f)
    i.__hardfp_cos                           0x00001910   Section        0  cos.o(i.__hardfp_cos)
    i.__hardfp_cosf                          0x000019d8   Section        0  cosf.o(i.__hardfp_cosf)
    i.__hardfp_sin                           0x00001b28   Section        0  sin.o(i.__hardfp_sin)
    i.__hardfp_sinf                          0x00001bf0   Section        0  sinf.o(i.__hardfp_sinf)
    i.__hardfp_sqrt                          0x00001d80   Section        0  sqrt.o(i.__hardfp_sqrt)
    i.__hardfp_sqrtf                         0x00001dfa   Section        0  sqrtf.o(i.__hardfp_sqrtf)
    i.__ieee754_rem_pio2                     0x00001e38   Section        0  rred.o(i.__ieee754_rem_pio2)
    i.__kernel_cos                           0x00002270   Section        0  cos_i.o(i.__kernel_cos)
    i.__kernel_poly                          0x000023e0   Section        0  poly.o(i.__kernel_poly)
    i.__kernel_sin                           0x000024d8   Section        0  sin_i.o(i.__kernel_sin)
    i.__mathlib_dbl_infnan                   0x00002608   Section        0  dunder.o(i.__mathlib_dbl_infnan)
    i.__mathlib_dbl_infnan2                  0x0000261c   Section        0  dunder.o(i.__mathlib_dbl_infnan2)
    i.__mathlib_dbl_invalid                  0x00002630   Section        0  dunder.o(i.__mathlib_dbl_invalid)
    i.__mathlib_dbl_underflow                0x00002650   Section        0  dunder.o(i.__mathlib_dbl_underflow)
    i.__mathlib_flt_infnan                   0x00002670   Section        0  funder.o(i.__mathlib_flt_infnan)
    i.__mathlib_flt_infnan2                  0x00002676   Section        0  funder.o(i.__mathlib_flt_infnan2)
    i.__mathlib_flt_invalid                  0x0000267c   Section        0  funder.o(i.__mathlib_flt_invalid)
    i.__mathlib_flt_underflow                0x0000268c   Section        0  funder.o(i.__mathlib_flt_underflow)
    i.__mathlib_rredf2                       0x0000269c   Section        0  rredf.o(i.__mathlib_rredf2)
    i.atan                                   0x000027f0   Section        0  atan.o(i.atan)
    i.fabs                                   0x00002800   Section        0  fabs.o(i.fabs)
    x$fpl$basic                              0x00002818   Section       24  basic.o(x$fpl$basic)
    $v0                                      0x00002818   Number         0  basic.o(x$fpl$basic)
    x$fpl$d2f                                0x00002830   Section       98  d2f.o(x$fpl$d2f)
    $v0                                      0x00002830   Number         0  d2f.o(x$fpl$d2f)
    x$fpl$dadd                               0x00002894   Section      336  daddsub_clz.o(x$fpl$dadd)
    $v0                                      0x00002894   Number         0  daddsub_clz.o(x$fpl$dadd)
    _dadd1                                   0x000028a5   Thumb Code     0  daddsub_clz.o(x$fpl$dadd)
    x$fpl$ddiv                               0x000029e4   Section      688  ddiv.o(x$fpl$ddiv)
    $v0                                      0x000029e4   Number         0  ddiv.o(x$fpl$ddiv)
    ddiv_entry                               0x000029eb   Thumb Code     0  ddiv.o(x$fpl$ddiv)
    x$fpl$dfix                               0x00002c94   Section       94  dfix.o(x$fpl$dfix)
    $v0                                      0x00002c94   Number         0  dfix.o(x$fpl$dfix)
    x$fpl$dflt                               0x00002cf2   Section       46  dflt_clz.o(x$fpl$dflt)
    $v0                                      0x00002cf2   Number         0  dflt_clz.o(x$fpl$dflt)
    x$fpl$dfltu                              0x00002d20   Section       38  dflt_clz.o(x$fpl$dfltu)
    $v0                                      0x00002d20   Number         0  dflt_clz.o(x$fpl$dfltu)
    x$fpl$dmul                               0x00002d48   Section      340  dmul.o(x$fpl$dmul)
    $v0                                      0x00002d48   Number         0  dmul.o(x$fpl$dmul)
    x$fpl$dnaninf                            0x00002e9c   Section      156  dnaninf.o(x$fpl$dnaninf)
    $v0                                      0x00002e9c   Number         0  dnaninf.o(x$fpl$dnaninf)
    x$fpl$dretinf                            0x00002f38   Section       12  dretinf.o(x$fpl$dretinf)
    $v0                                      0x00002f38   Number         0  dretinf.o(x$fpl$dretinf)
    x$fpl$drsb                               0x00002f44   Section       22  daddsub_clz.o(x$fpl$drsb)
    $v0                                      0x00002f44   Number         0  daddsub_clz.o(x$fpl$drsb)
    x$fpl$dsqrt                              0x00002f5c   Section      408  dsqrt_umaal.o(x$fpl$dsqrt)
    $v0                                      0x00002f5c   Number         0  dsqrt_umaal.o(x$fpl$dsqrt)
    x$fpl$dsub                               0x000030f4   Section      468  daddsub_clz.o(x$fpl$dsub)
    $v0                                      0x000030f4   Number         0  daddsub_clz.o(x$fpl$dsub)
    _dsub1                                   0x00003105   Thumb Code     0  daddsub_clz.o(x$fpl$dsub)
    x$fpl$f2d                                0x000032c8   Section       86  f2d.o(x$fpl$f2d)
    $v0                                      0x000032c8   Number         0  f2d.o(x$fpl$f2d)
    x$fpl$fnaninf                            0x0000331e   Section      140  fnaninf.o(x$fpl$fnaninf)
    $v0                                      0x0000331e   Number         0  fnaninf.o(x$fpl$fnaninf)
    x$fpl$fpinit                             0x000033aa   Section       10  fpinit.o(x$fpl$fpinit)
    $v0                                      0x000033aa   Number         0  fpinit.o(x$fpl$fpinit)
    x$fpl$fretinf                            0x000033b4   Section       10  fretinf.o(x$fpl$fretinf)
    $v0                                      0x000033b4   Number         0  fretinf.o(x$fpl$fretinf)
    .constdata                               0x000033c0   Section      152  atan.o(.constdata)
    atanhi                                   0x000033c0   Data          32  atan.o(.constdata)
    atanlo                                   0x000033e0   Data          32  atan.o(.constdata)
    aTodd                                    0x00003400   Data          40  atan.o(.constdata)
    aTeven                                   0x00003428   Data          48  atan.o(.constdata)
    .constdata                               0x00003458   Section       48  cos_i.o(.constdata)
    C                                        0x00003458   Data          48  cos_i.o(.constdata)
    .constdata                               0x00003488   Section        8  qnan.o(.constdata)
    .constdata                               0x00003490   Section      200  rred.o(.constdata)
    pio2s                                    0x00003490   Data          48  rred.o(.constdata)
    twooverpi                                0x000034c0   Data         152  rred.o(.constdata)
    .constdata                               0x00003558   Section       32  rredf.o(.constdata)
    twooverpi                                0x00003558   Data          32  rredf.o(.constdata)
    .constdata                               0x00003578   Section       40  sin_i.o(.constdata)
    S                                        0x00003578   Data          40  sin_i.o(.constdata)
    .data                                    0x10000000   Section       20  loop_dma.o(.data)
    audio_IN                                 0x10000000   Data           4  loop_dma.o(.data)
    rx_proc_buffer                           0x10000004   Data           4  loop_dma.o(.data)
    tx_proc_buffer                           0x10000008   Data           4  loop_dma.o(.data)
    tx_buffer_empty                          0x1000000c   Data           4  loop_dma.o(.data)
    rx_buffer_full                           0x10000010   Data           4  loop_dma.o(.data)
    .data                                    0x10000014   Section        8  audio.o(.data)
    .data                                    0x1000001c   Section      132  dma.o(.data)
    dma_callback                             0x1000001c   Data           4  dma.o(.data)
    .data                                    0x100000a0   Section        4  i2s.o(.data)
    i2s_callback                             0x100000a0   Data           4  i2s.o(.data)
    .data                                    0x100000a4   Section       16  system_lpc407x_8x_177x_8x.o(.data)
    .bss                                     0x100000b4   Section     8448  loop_dma.o(.bss)
    dma_tx_buffer_pong                       0x100000b4   Data         512  loop_dma.o(.bss)
    dma_tx_buffer_ping                       0x100002b4   Data         512  loop_dma.o(.bss)
    dma_rx_buffer_ping                       0x100004b4   Data         512  loop_dma.o(.bss)
    dma_rx_buffer_pong                       0x100006b4   Data         512  loop_dma.o(.bss)
    .bss                                     0x100021b4   Section     1024  audio.o(.bss)
    dma_tx_buffer_ping                       0x100021b4   Data         512  audio.o(.bss)
    dma_rx_buffer_ping                       0x100023b4   Data         512  audio.o(.bss)
    .bss                                     0x100025b4   Section       96  libspace.o(.bss)
    HEAP                                     0x10002618   Section        0  startup_lpc407x_8x_177x_8x.o(HEAP)
    STACK                                    0x10002618   Section     1024  startup_lpc407x_8x_177x_8x.o(STACK)
    Heap_Mem                                 0x10002618   Data           0  startup_lpc407x_8x_177x_8x.o(HEAP)
    Stack_Mem                                0x10002618   Data        1024  startup_lpc407x_8x_177x_8x.o(STACK)
    __initial_sp                             0x10002a18   Data           0  startup_lpc407x_8x_177x_8x.o(STACK)

    Global Symbols

    Symbol Name                              Value     Ov Type        Size  Object(Section)

    BuildAttributes$$THM_ISAv4$E$P$D$K$B$S$7EM$VFPi3$EXTD16$VFPS$VFMA$PE$A:L22UL41UL21$X:L11$S22US41US21$IEEE1$IW$USESV6$~STKCKD$USESV7$~SHL$OTIME$ROPI$IEEEX$EBA8$UX$STANDARDLIB$REQ8$PRES8$EABIv2 0x00000000   Number         0  anon$$obj.o ABSOLUTE
    __ARM_use_no_argv                        0x00000000   Number         0  loop_dma.o ABSOLUTE
    __Vectors                                0x00000000   Data           4  startup_lpc407x_8x_177x_8x.o(RESET)
    __ARM_exceptions_init                     - Undefined Weak Reference
    __alloca_initialize                       - Undefined Weak Reference
    __arm_preinit_                            - Undefined Weak Reference
    __cpp_initialize__aeabi_                  - Undefined Weak Reference
    __cxa_finalize                            - Undefined Weak Reference
    __rt_locale                               - Undefined Weak Reference
    __sigvec_lookup                           - Undefined Weak Reference
    _atexit_init                              - Undefined Weak Reference
    _call_atexit_fns                          - Undefined Weak Reference
    _clock_init                               - Undefined Weak Reference
    _fp_trap_init                             - Undefined Weak Reference
    _fp_trap_shutdown                         - Undefined Weak Reference
    _get_lc_collate                           - Undefined Weak Reference
    _get_lc_ctype                             - Undefined Weak Reference
    _get_lc_monetary                          - Undefined Weak Reference
    _get_lc_numeric                           - Undefined Weak Reference
    _get_lc_time                              - Undefined Weak Reference
    _getenv_init                              - Undefined Weak Reference
    _handle_redirection                       - Undefined Weak Reference
    _init_alloc                               - Undefined Weak Reference
    _init_user_alloc                          - Undefined Weak Reference
    _initio                                   - Undefined Weak Reference
    _rand_init                                - Undefined Weak Reference
    _signal_finish                            - Undefined Weak Reference
    _signal_init                              - Undefined Weak Reference
    _terminate_alloc                          - Undefined Weak Reference
    _terminate_user_alloc                     - Undefined Weak Reference
    _terminateio                              - Undefined Weak Reference
    __main                                   0x000000e5   Thumb Code     8  __main.o(!!!main)
    __scatterload                            0x000000ed   Thumb Code     0  __scatter.o(!!!scatter)
    __scatterload_rt2                        0x000000ed   Thumb Code    44  __scatter.o(!!!scatter)
    __scatterload_rt2_thumb_only             0x000000ed   Thumb Code     0  __scatter.o(!!!scatter)
    __scatterload_null                       0x000000fb   Thumb Code     0  __scatter.o(!!!scatter)
    __scatterload_copy                       0x00000121   Thumb Code    26  __scatter_copy.o(!!handler_copy)
    __scatterload_zeroinit                   0x0000013d   Thumb Code    28  __scatter_zi.o(!!handler_zi)
    __rt_lib_init                            0x00000159   Thumb Code     0  libinit.o(.ARM.Collect$$libinit$$00000000)
    __rt_lib_init_fp_1                       0x0000015b   Thumb Code     0  libinit2.o(.ARM.Collect$$libinit$$00000001)
    __rt_lib_init_alloca_1                   0x0000015f   Thumb Code     0  libinit2.o(.ARM.Collect$$libinit$$0000002E)
    __rt_lib_init_argv_1                     0x0000015f   Thumb Code     0  libinit2.o(.ARM.Collect$$libinit$$0000002C)
    __rt_lib_init_atexit_1                   0x0000015f   Thumb Code     0  libinit2.o(.ARM.Collect$$libinit$$0000001B)
    __rt_lib_init_clock_1                    0x0000015f   Thumb Code     0  libinit2.o(.ARM.Collect$$libinit$$00000021)
    __rt_lib_init_cpp_1                      0x0000015f   Thumb Code     0  libinit2.o(.ARM.Collect$$libinit$$00000032)
    __rt_lib_init_exceptions_1               0x0000015f   Thumb Code     0  libinit2.o(.ARM.Collect$$libinit$$00000030)
    __rt_lib_init_fp_trap_1                  0x0000015f   Thumb Code     0  libinit2.o(.ARM.Collect$$libinit$$0000001F)
    __rt_lib_init_getenv_1                   0x0000015f   Thumb Code     0  libinit2.o(.ARM.Collect$$libinit$$00000023)
    __rt_lib_init_heap_1                     0x0000015f   Thumb Code     0  libinit2.o(.ARM.Collect$$libinit$$0000000A)
    __rt_lib_init_lc_collate_1               0x0000015f   Thumb Code     0  libinit2.o(.ARM.Collect$$libinit$$00000011)
    __rt_lib_init_lc_ctype_1                 0x0000015f   Thumb Code     0  libinit2.o(.ARM.Collect$$libinit$$00000013)
    __rt_lib_init_lc_monetary_1              0x0000015f   Thumb Code     0  libinit2.o(.ARM.Collect$$libinit$$00000015)
    __rt_lib_init_lc_numeric_1               0x0000015f   Thumb Code     0  libinit2.o(.ARM.Collect$$libinit$$00000017)
    __rt_lib_init_lc_time_1                  0x0000015f   Thumb Code     0  libinit2.o(.ARM.Collect$$libinit$$00000019)
    __rt_lib_init_preinit_1                  0x0000015f   Thumb Code     0  libinit2.o(.ARM.Collect$$libinit$$00000004)
    __rt_lib_init_rand_1                     0x0000015f   Thumb Code     0  libinit2.o(.ARM.Collect$$libinit$$0000000E)
    __rt_lib_init_return                     0x0000015f   Thumb Code     0  libinit2.o(.ARM.Collect$$libinit$$00000033)
    __rt_lib_init_signal_1                   0x0000015f   Thumb Code     0  libinit2.o(.ARM.Collect$$libinit$$0000001D)
    __rt_lib_init_stdio_1                    0x0000015f   Thumb Code     0  libinit2.o(.ARM.Collect$$libinit$$00000025)
    __rt_lib_init_user_alloc_1               0x0000015f   Thumb Code     0  libinit2.o(.ARM.Collect$$libinit$$0000000C)
    __rt_lib_shutdown                        0x00000161   Thumb Code     0  libshutdown.o(.ARM.Collect$$libshutdown$$00000000)
    __rt_lib_shutdown_cpp_1                  0x00000163   Thumb Code     0  libshutdown2.o(.ARM.Collect$$libshutdown$$00000002)
    __rt_lib_shutdown_fp_trap_1              0x00000163   Thumb Code     0  libshutdown2.o(.ARM.Collect$$libshutdown$$00000007)
    __rt_lib_shutdown_heap_1                 0x00000163   Thumb Code     0  libshutdown2.o(.ARM.Collect$$libshutdown$$0000000F)
    __rt_lib_shutdown_return                 0x00000163   Thumb Code     0  libshutdown2.o(.ARM.Collect$$libshutdown$$00000010)
    __rt_lib_shutdown_signal_1               0x00000163   Thumb Code     0  libshutdown2.o(.ARM.Collect$$libshutdown$$0000000A)
    __rt_lib_shutdown_stdio_1                0x00000163   Thumb Code     0  libshutdown2.o(.ARM.Collect$$libshutdown$$00000004)
    __rt_lib_shutdown_user_alloc_1           0x00000163   Thumb Code     0  libshutdown2.o(.ARM.Collect$$libshutdown$$0000000C)
    __rt_entry                               0x00000165   Thumb Code     0  __rtentry.o(.ARM.Collect$$rtentry$$00000000)
    __rt_entry_presh_1                       0x00000165   Thumb Code     0  __rtentry2.o(.ARM.Collect$$rtentry$$00000002)
    __rt_entry_sh                            0x00000165   Thumb Code     0  __rtentry4.o(.ARM.Collect$$rtentry$$00000004)
    __rt_entry_li                            0x0000016b   Thumb Code     0  __rtentry2.o(.ARM.Collect$$rtentry$$0000000A)
    __rt_entry_postsh_1                      0x0000016b   Thumb Code     0  __rtentry2.o(.ARM.Collect$$rtentry$$00000009)
    __rt_entry_main                          0x0000016f   Thumb Code     0  __rtentry2.o(.ARM.Collect$$rtentry$$0000000D)
    __rt_entry_postli_1                      0x0000016f   Thumb Code     0  __rtentry2.o(.ARM.Collect$$rtentry$$0000000C)
    __rt_exit                                0x00000177   Thumb Code     0  rtexit.o(.ARM.Collect$$rtexit$$00000000)
    __rt_exit_ls                             0x00000179   Thumb Code     0  rtexit2.o(.ARM.Collect$$rtexit$$00000003)
    __rt_exit_prels_1                        0x00000179   Thumb Code     0  rtexit2.o(.ARM.Collect$$rtexit$$00000002)
    __rt_exit_exit                           0x0000017d   Thumb Code     0  rtexit2.o(.ARM.Collect$$rtexit$$00000004)
    delay_cycles                             0x00000185   Thumb Code    10  delay.o(.emb_text)
    delay_ms                                 0x00000191   Thumb Code    36  delay.o(.text)
    delay_us                                 0x000001b5   Thumb Code    36  delay.o(.text)
    gpio_get                                 0x000001e5   Thumb Code    18  gpio.o(.text)
    gpio_toggle                              0x000001f7   Thumb Code    44  gpio.o(.text)
    gpio_set                                 0x00000223   Thumb Code    32  gpio.o(.text)
    gpio_set_range                           0x00000243   Thumb Code     2  gpio.o(.text)
    gpio_set_mode                            0x00000245   Thumb Code   122  gpio.o(.text)
    gpio_set_trigger                         0x000002bf   Thumb Code     2  gpio.o(.text)
    gpio_set_callback                        0x000002c1   Thumb Code     2  gpio.o(.text)
    port_isr                                 0x000002c3   Thumb Code     2  gpio.o(.text)
    port_isr0                                0x000002c5   Thumb Code     2  gpio.o(.text)
    port_isr1                                0x000002c7   Thumb Code     2  gpio.o(.text)
    port_isr2                                0x000002c9   Thumb Code     2  gpio.o(.text)
    port_isr3                                0x000002cb   Thumb Code     2  gpio.o(.text)
    port_isr4                                0x000002cd   Thumb Code     2  gpio.o(.text)
    __use_two_region_memory                  0x000002dd   Thumb Code     2  heapauxi.o(.text)
    __rt_heap_escrow$2region                 0x000002df   Thumb Code     2  heapauxi.o(.text)
    __rt_heap_expand$2region                 0x000002e1   Thumb Code     2  heapauxi.o(.text)
    __read_errno                             0x000002e3   Thumb Code    10  _rserrno.o(.text)
    __set_errno                              0x000002ed   Thumb Code    12  _rserrno.o(.text)
    __I$use$semihosting                      0x000002f9   Thumb Code     0  use_no_semi.o(.text)
    __use_no_semihosting_swi                 0x000002f9   Thumb Code     2  use_no_semi.o(.text)
    __I$use$fp                               0x000002fa   Number         0  usenofp.o(x$fpl$usenofp)
    __semihosting_library_function           0x000002fb   Thumb Code     0  indicate_semi.o(.text)
    fft                                      0x00000301   Thumb Code   254  loop_dma.o(.text)
    modarctan                                0x000003ff   Thumb Code    94  loop_dma.o(.text)
    DMA_HANDLER                              0x0000045d   Thumb Code   132  loop_dma.o(.text)
    proces_buffer                            0x000004e1   Thumb Code   530  loop_dma.o(.text)
    main                                     0x000006f3   Thumb Code   350  loop_dma.o(.text)
    init_LED                                 0x00000851   Thumb Code    40  audio.o(.text)
    prbs                                     0x00000879   Thumb Code    60  audio.o(.text)
    Codec_WriteRegister                      0x000008b5   Thumb Code    30  audio.o(.text)
    audio_init                               0x000008d3   Thumb Code   276  audio.o(.text)
    dma_state                                0x00000a01   Thumb Code    14  dma.o(.text)
    dma_clean                                0x00000a0f   Thumb Code    14  dma.o(.text)
    dma_src_memory                           0x00000a1d   Thumb Code    10  dma.o(.text)
    dma_dest_memory                          0x00000a27   Thumb Code    10  dma.o(.text)
    dma_transfersize                         0x00000a31   Thumb Code    18  dma.o(.text)
    dma_init                                 0x00000a43   Thumb Code    62  dma.o(.text)
    dma_setup                                0x00000a81   Thumb Code   362  dma.o(.text)
    dma_enable                               0x00000beb   Thumb Code    16  dma.o(.text)
    dma_disable                              0x00000bfb   Thumb Code    16  dma.o(.text)
    dma_set_callback                         0x00000c0b   Thumb Code    32  dma.o(.text)
    DMA_IRQHandler                           0x00000c2b   Thumb Code    14  dma.o(.text)
    i2c_enable                               0x00000c4d   Thumb Code     8  i2c.o(.text)
    i2c_start                                0x00000c55   Thumb Code     8  i2c.o(.text)
    i2c_stop                                 0x00000c5d   Thumb Code    12  i2c.o(.text)
    i2c_tx                                   0x00000c69   Thumb Code     6  i2c.o(.text)
    i2c_rx                                   0x00000c6f   Thumb Code     8  i2c.o(.text)
    i2c_ack                                  0x00000c77   Thumb Code     8  i2c.o(.text)
    i2c_init                                 0x00000c7f   Thumb Code    42  i2c.o(.text)
    i2c_write                                0x00000ca9   Thumb Code    84  i2c.o(.text)
    i2c_read                                 0x00000cfd   Thumb Code     2  i2c.o(.text)
    i2s_init                                 0x00000d0d   Thumb Code   116  i2s.o(.text)
    i2s_rx_irq_enable                        0x00000d81   Thumb Code    12  i2s.o(.text)
    i2s_tx_irq_enable                        0x00000d8d   Thumb Code    12  i2s.o(.text)
    i2s_rx_depth_irq                         0x00000d99   Thumb Code    16  i2s.o(.text)
    i2s_tx_depth_irq                         0x00000da9   Thumb Code    16  i2s.o(.text)
    i2s_rx_dma1_enable                       0x00000db9   Thumb Code    12  i2s.o(.text)
    i2s_tx_dma1_enable                       0x00000dc5   Thumb Code    12  i2s.o(.text)
    i2s_rx_depth_dma1                        0x00000dd1   Thumb Code    16  i2s.o(.text)
    i2s_tx_depth_dma1                        0x00000de1   Thumb Code    16  i2s.o(.text)
    i2s_rx_dma2_enable                       0x00000df1   Thumb Code    12  i2s.o(.text)
    i2s_tx_dma2_enable                       0x00000dfd   Thumb Code    12  i2s.o(.text)
    i2s_rx_depth_dma2                        0x00000e09   Thumb Code    16  i2s.o(.text)
    i2s_tx_depth_dma2                        0x00000e19   Thumb Code    16  i2s.o(.text)
    i2s_start                                0x00000e29   Thumb Code    44  i2s.o(.text)
    i2s_stop                                 0x00000e55   Thumb Code    44  i2s.o(.text)
    i2s_rx                                   0x00000e81   Thumb Code     6  i2s.o(.text)
    i2s_tx                                   0x00000e87   Thumb Code     6  i2s.o(.text)
    i2s_set_callback                         0x00000e8d   Thumb Code    30  i2s.o(.text)
    I2S_IRQHandler                           0x00000eab   Thumb Code    12  i2s.o(.text)
    Reset_Handler                            0x00000ecd   Thumb Code     8  startup_lpc407x_8x_177x_8x.o(.text)
    NMI_Handler                              0x00000ed5   Thumb Code     2  startup_lpc407x_8x_177x_8x.o(.text)
    HardFault_Handler                        0x00000ed7   Thumb Code     2  startup_lpc407x_8x_177x_8x.o(.text)
    MemManage_Handler                        0x00000ed9   Thumb Code     2  startup_lpc407x_8x_177x_8x.o(.text)
    BusFault_Handler                         0x00000edb   Thumb Code     2  startup_lpc407x_8x_177x_8x.o(.text)
    UsageFault_Handler                       0x00000edd   Thumb Code     2  startup_lpc407x_8x_177x_8x.o(.text)
    SVC_Handler                              0x00000edf   Thumb Code     2  startup_lpc407x_8x_177x_8x.o(.text)
    DebugMon_Handler                         0x00000ee1   Thumb Code     2  startup_lpc407x_8x_177x_8x.o(.text)
    PendSV_Handler                           0x00000ee3   Thumb Code     2  startup_lpc407x_8x_177x_8x.o(.text)
    SysTick_Handler                          0x00000ee5   Thumb Code     2  startup_lpc407x_8x_177x_8x.o(.text)
    ADC_IRQHandler                           0x00000ee7   Thumb Code     0  startup_lpc407x_8x_177x_8x.o(.text)
    BOD_IRQHandler                           0x00000ee7   Thumb Code     0  startup_lpc407x_8x_177x_8x.o(.text)
    CANActivity_IRQHandler                   0x00000ee7   Thumb Code     0  startup_lpc407x_8x_177x_8x.o(.text)
    CAN_IRQHandler                           0x00000ee7   Thumb Code     0  startup_lpc407x_8x_177x_8x.o(.text)
    EEPROM_IRQHandler                        0x00000ee7   Thumb Code     0  startup_lpc407x_8x_177x_8x.o(.text)
    EINT0_IRQHandler                         0x00000ee7   Thumb Code     0  startup_lpc407x_8x_177x_8x.o(.text)
    EINT1_IRQHandler                         0x00000ee7   Thumb Code     0  startup_lpc407x_8x_177x_8x.o(.text)
    EINT2_IRQHandler                         0x00000ee7   Thumb Code     0  startup_lpc407x_8x_177x_8x.o(.text)
    EINT3_IRQHandler                         0x00000ee7   Thumb Code     0  startup_lpc407x_8x_177x_8x.o(.text)
    ENET_IRQHandler                          0x00000ee7   Thumb Code     0  startup_lpc407x_8x_177x_8x.o(.text)
    GPIO_IRQHandler                          0x00000ee7   Thumb Code     0  startup_lpc407x_8x_177x_8x.o(.text)
    I2C0_IRQHandler                          0x00000ee7   Thumb Code     0  startup_lpc407x_8x_177x_8x.o(.text)
    I2C1_IRQHandler                          0x00000ee7   Thumb Code     0  startup_lpc407x_8x_177x_8x.o(.text)
    I2C2_IRQHandler                          0x00000ee7   Thumb Code     0  startup_lpc407x_8x_177x_8x.o(.text)
    LCD_IRQHandler                           0x00000ee7   Thumb Code     0  startup_lpc407x_8x_177x_8x.o(.text)
    MCI_IRQHandler                           0x00000ee7   Thumb Code     0  startup_lpc407x_8x_177x_8x.o(.text)
    MCPWM_IRQHandler                         0x00000ee7   Thumb Code     0  startup_lpc407x_8x_177x_8x.o(.text)
    PLL0_IRQHandler                          0x00000ee7   Thumb Code     0  startup_lpc407x_8x_177x_8x.o(.text)
    PLL1_IRQHandler                          0x00000ee7   Thumb Code     0  startup_lpc407x_8x_177x_8x.o(.text)
    PWM0_IRQHandler                          0x00000ee7   Thumb Code     0  startup_lpc407x_8x_177x_8x.o(.text)
    PWM1_IRQHandler                          0x00000ee7   Thumb Code     0  startup_lpc407x_8x_177x_8x.o(.text)
    QEI_IRQHandler                           0x00000ee7   Thumb Code     0  startup_lpc407x_8x_177x_8x.o(.text)
    RTC_IRQHandler                           0x00000ee7   Thumb Code     0  startup_lpc407x_8x_177x_8x.o(.text)
    SSP0_IRQHandler                          0x00000ee7   Thumb Code     0  startup_lpc407x_8x_177x_8x.o(.text)
    SSP1_IRQHandler                          0x00000ee7   Thumb Code     0  startup_lpc407x_8x_177x_8x.o(.text)
    SSP2_IRQHandler                          0x00000ee7   Thumb Code     0  startup_lpc407x_8x_177x_8x.o(.text)
    TIMER0_IRQHandler                        0x00000ee7   Thumb Code     0  startup_lpc407x_8x_177x_8x.o(.text)
    TIMER1_IRQHandler                        0x00000ee7   Thumb Code     0  startup_lpc407x_8x_177x_8x.o(.text)
    TIMER2_IRQHandler                        0x00000ee7   Thumb Code     0  startup_lpc407x_8x_177x_8x.o(.text)
    TIMER3_IRQHandler                        0x00000ee7   Thumb Code     0  startup_lpc407x_8x_177x_8x.o(.text)
    UART0_IRQHandler                         0x00000ee7   Thumb Code     0  startup_lpc407x_8x_177x_8x.o(.text)
    UART1_IRQHandler                         0x00000ee7   Thumb Code     0  startup_lpc407x_8x_177x_8x.o(.text)
    UART2_IRQHandler                         0x00000ee7   Thumb Code     0  startup_lpc407x_8x_177x_8x.o(.text)
    UART3_IRQHandler                         0x00000ee7   Thumb Code     0  startup_lpc407x_8x_177x_8x.o(.text)
    UART4_IRQHandler                         0x00000ee7   Thumb Code     0  startup_lpc407x_8x_177x_8x.o(.text)
    USBActivity_IRQHandler                   0x00000ee7   Thumb Code     0  startup_lpc407x_8x_177x_8x.o(.text)
    USB_IRQHandler                           0x00000ee7   Thumb Code     0  startup_lpc407x_8x_177x_8x.o(.text)
    WDT_IRQHandler                           0x00000ee7   Thumb Code     0  startup_lpc407x_8x_177x_8x.o(.text)
    __user_initial_stackheap                 0x00000ee9   Thumb Code     0  startup_lpc407x_8x_177x_8x.o(.text)
    SystemCoreClockUpdate                    0x00000f09   Thumb Code   306  system_lpc407x_8x_177x_8x.o(.text)
    fpu_init                                 0x0000103b   Thumb Code    46  system_lpc407x_8x_177x_8x.o(.text)
    SystemInit                               0x00001069   Thumb Code   162  system_lpc407x_8x_177x_8x.o(.text)
    __aeabi_errno_addr                       0x00001129   Thumb Code     8  rt_errno_addr_intlibspace.o(.text)
    __errno$intlibspace                      0x00001129   Thumb Code     0  rt_errno_addr_intlibspace.o(.text)
    __rt_errno_addr$intlibspace              0x00001129   Thumb Code     0  rt_errno_addr_intlibspace.o(.text)
    __user_libspace                          0x00001131   Thumb Code     8  libspace.o(.text)
    __user_perproc_libspace                  0x00001131   Thumb Code     0  libspace.o(.text)
    __user_perthread_libspace                0x00001131   Thumb Code     0  libspace.o(.text)
    __user_setup_stackheap                   0x00001139   Thumb Code    74  sys_stackheap_outer.o(.text)
    exit                                     0x00001183   Thumb Code    18  exit.o(.text)
    _sys_exit                                0x00001195   Thumb Code     8  sys_exit.o(.text)
    __ARM_fpclassify                         0x000011a1   Thumb Code    48  fpclassify.o(i.__ARM_fpclassify)
    __ARM_fpclassifyf                        0x000011d1   Thumb Code    38  fpclassifyf.o(i.__ARM_fpclassifyf)
    __hardfp_atan                            0x000011f9   Thumb Code   622  atan.o(i.__hardfp_atan)
    __hardfp_atan2                           0x000014d1   Thumb Code   432  atan2.o(i.__hardfp_atan2)
    __hardfp_atan2f                          0x000016c1   Thumb Code   502  atan2f.o(i.__hardfp_atan2f)
    __hardfp_cos                             0x00001911   Thumb Code   180  cos.o(i.__hardfp_cos)
    __hardfp_cosf                            0x000019d9   Thumb Code   280  cosf.o(i.__hardfp_cosf)
    __hardfp_sin                             0x00001b29   Thumb Code   180  sin.o(i.__hardfp_sin)
    __hardfp_sinf                            0x00001bf1   Thumb Code   344  sinf.o(i.__hardfp_sinf)
    __hardfp_sqrt                            0x00001d81   Thumb Code   122  sqrt.o(i.__hardfp_sqrt)
    __hardfp_sqrtf                           0x00001dfb   Thumb Code    58  sqrtf.o(i.__hardfp_sqrtf)
    __ieee754_rem_pio2                       0x00001e39   Thumb Code   938  rred.o(i.__ieee754_rem_pio2)
    __kernel_cos                             0x00002271   Thumb Code   322  cos_i.o(i.__kernel_cos)
    __kernel_poly                            0x000023e1   Thumb Code   248  poly.o(i.__kernel_poly)
    __kernel_sin                             0x000024d9   Thumb Code   280  sin_i.o(i.__kernel_sin)
    __mathlib_dbl_infnan                     0x00002609   Thumb Code    20  dunder.o(i.__mathlib_dbl_infnan)
    __mathlib_dbl_infnan2                    0x0000261d   Thumb Code    20  dunder.o(i.__mathlib_dbl_infnan2)
    __mathlib_dbl_invalid                    0x00002631   Thumb Code    24  dunder.o(i.__mathlib_dbl_invalid)
    __mathlib_dbl_underflow                  0x00002651   Thumb Code    24  dunder.o(i.__mathlib_dbl_underflow)
    __mathlib_flt_infnan                     0x00002671   Thumb Code     6  funder.o(i.__mathlib_flt_infnan)
    __mathlib_flt_infnan2                    0x00002677   Thumb Code     6  funder.o(i.__mathlib_flt_infnan2)
    __mathlib_flt_invalid                    0x0000267d   Thumb Code    10  funder.o(i.__mathlib_flt_invalid)
    __mathlib_flt_underflow                  0x0000268d   Thumb Code    10  funder.o(i.__mathlib_flt_underflow)
    __mathlib_rredf2                         0x0000269d   Thumb Code   316  rredf.o(i.__mathlib_rredf2)
    atan                                     0x000027f1   Thumb Code    16  atan.o(i.atan)
    fabs                                     0x00002801   Thumb Code    24  fabs.o(i.fabs)
    __aeabi_dneg                             0x00002819   Thumb Code     0  basic.o(x$fpl$basic)
    _dneg                                    0x00002819   Thumb Code     6  basic.o(x$fpl$basic)
    __aeabi_fneg                             0x0000281f   Thumb Code     0  basic.o(x$fpl$basic)
    _fneg                                    0x0000281f   Thumb Code     6  basic.o(x$fpl$basic)
    _dabs                                    0x00002825   Thumb Code     6  basic.o(x$fpl$basic)
    _fabs                                    0x0000282b   Thumb Code     6  basic.o(x$fpl$basic)
    __aeabi_d2f                              0x00002831   Thumb Code     0  d2f.o(x$fpl$d2f)
    _d2f                                     0x00002831   Thumb Code    98  d2f.o(x$fpl$d2f)
    __aeabi_dadd                             0x00002895   Thumb Code     0  daddsub_clz.o(x$fpl$dadd)
    _dadd                                    0x00002895   Thumb Code   332  daddsub_clz.o(x$fpl$dadd)
    __aeabi_ddiv                             0x000029e5   Thumb Code     0  ddiv.o(x$fpl$ddiv)
    _ddiv                                    0x000029e5   Thumb Code   552  ddiv.o(x$fpl$ddiv)
    __aeabi_d2iz                             0x00002c95   Thumb Code     0  dfix.o(x$fpl$dfix)
    _dfix                                    0x00002c95   Thumb Code    94  dfix.o(x$fpl$dfix)
    __aeabi_i2d                              0x00002cf3   Thumb Code     0  dflt_clz.o(x$fpl$dflt)
    _dflt                                    0x00002cf3   Thumb Code    46  dflt_clz.o(x$fpl$dflt)
    __aeabi_ui2d                             0x00002d21   Thumb Code     0  dflt_clz.o(x$fpl$dfltu)
    _dfltu                                   0x00002d21   Thumb Code    38  dflt_clz.o(x$fpl$dfltu)
    __aeabi_dmul                             0x00002d49   Thumb Code     0  dmul.o(x$fpl$dmul)
    _dmul                                    0x00002d49   Thumb Code   332  dmul.o(x$fpl$dmul)
    __fpl_dnaninf                            0x00002e9d   Thumb Code   156  dnaninf.o(x$fpl$dnaninf)
    __fpl_dretinf                            0x00002f39   Thumb Code    12  dretinf.o(x$fpl$dretinf)
    __aeabi_drsub                            0x00002f45   Thumb Code     0  daddsub_clz.o(x$fpl$drsb)
    _drsb                                    0x00002f45   Thumb Code    22  daddsub_clz.o(x$fpl$drsb)
    _dsqrt                                   0x00002f5d   Thumb Code   404  dsqrt_umaal.o(x$fpl$dsqrt)
    __aeabi_dsub                             0x000030f5   Thumb Code     0  daddsub_clz.o(x$fpl$dsub)
    _dsub                                    0x000030f5   Thumb Code   464  daddsub_clz.o(x$fpl$dsub)
    __aeabi_f2d                              0x000032c9   Thumb Code     0  f2d.o(x$fpl$f2d)
    _f2d                                     0x000032c9   Thumb Code    86  f2d.o(x$fpl$f2d)
    __fpl_fnaninf                            0x0000331f   Thumb Code   140  fnaninf.o(x$fpl$fnaninf)
    _fp_init                                 0x000033ab   Thumb Code    10  fpinit.o(x$fpl$fpinit)
    __fplib_config_fpu_vfp                   0x000033b3   Thumb Code     0  fpinit.o(x$fpl$fpinit)
    __fplib_config_pureend_doubles           0x000033b3   Thumb Code     0  fpinit.o(x$fpl$fpinit)
    __fpl_fretinf                            0x000033b5   Thumb Code    10  fretinf.o(x$fpl$fretinf)
    __mathlib_zero                           0x00003488   Data           8  qnan.o(.constdata)
    Region$$Table$$Base                      0x000035a0   Number         0  anon$$obj.o(Region$$Table)
    Region$$Table$$Limit                     0x000035c0   Number         0  anon$$obj.o(Region$$Table)
    sreg                                     0x10000014   Data           2  audio.o(.data)
    fb                                       0x10000018   Data           4  audio.o(.data)
    DMA_LUTPerAddr                           0x10000020   Data         128  dma.o(.data)
    SystemCoreClock                          0x100000a4   Data           4  system_lpc407x_8x_177x_8x.o(.data)
    PeripheralClock                          0x100000a8   Data           4  system_lpc407x_8x_177x_8x.o(.data)
    EMCClock                                 0x100000ac   Data           4  system_lpc407x_8x_177x_8x.o(.data)
    USBClock                                 0x100000b0   Data           4  system_lpc407x_8x_177x_8x.o(.data)
    twiddle                                  0x100008b4   Data        1024  loop_dma.o(.bss)
    itwiddle                                 0x10000cb4   Data        1024  loop_dma.o(.bss)
    cbufL                                    0x100010b4   Data        1024  loop_dma.o(.bss)
    cbufR                                    0x100014b4   Data        1024  loop_dma.o(.bss)
    cbufLcross                               0x100018b4   Data        1024  loop_dma.o(.bss)
    cbufRcross                               0x10001cb4   Data        1024  loop_dma.o(.bss)
    sinebuf                                  0x100020b4   Data         256  loop_dma.o(.bss)
    __libspace_start                         0x100025b4   Data          96  libspace.o(.bss)
    __temporary_stack_top$libspace           0x10002614   Data           0  libspace.o(.bss)



==============================================================================

Memory Map of the image

  Image Entry point : 0x000000e5

  Load Region LR_IROM1 (Base: 0x00000000, Size: 0x00003674, Max: 0x00080000, ABSOLUTE)

    Execution Region ER_IROM1 (Base: 0x00000000, Size: 0x000035c0, Max: 0x00080000, ABSOLUTE)

    Base Addr    Size         Type   Attr      Idx    E Section Name        Object

    0x00000000   0x000000e4   Data   RO          279    RESET               startup_lpc407x_8x_177x_8x.o
    0x000000e4   0x00000008   Code   RO          321  * !!!main             c_w.l(__main.o)
    0x000000ec   0x00000034   Code   RO          696    !!!scatter          c_w.l(__scatter.o)
    0x00000120   0x0000001a   Code   RO          698    !!handler_copy      c_w.l(__scatter_copy.o)
    0x0000013a   0x00000002   PAD
    0x0000013c   0x0000001c   Code   RO          700    !!handler_zi        c_w.l(__scatter_zi.o)
    0x00000158   0x00000002   Code   RO          569    .ARM.Collect$$libinit$$00000000  c_w.l(libinit.o)
    0x0000015a   0x00000004   Code   RO          572    .ARM.Collect$$libinit$$00000001  c_w.l(libinit2.o)
    0x0000015e   0x00000000   Code   RO          575    .ARM.Collect$$libinit$$00000004  c_w.l(libinit2.o)
    0x0000015e   0x00000000   Code   RO          578    .ARM.Collect$$libinit$$0000000A  c_w.l(libinit2.o)
    0x0000015e   0x00000000   Code   RO          580    .ARM.Collect$$libinit$$0000000C  c_w.l(libinit2.o)
    0x0000015e   0x00000000   Code   RO          582    .ARM.Collect$$libinit$$0000000E  c_w.l(libinit2.o)
    0x0000015e   0x00000000   Code   RO          585    .ARM.Collect$$libinit$$00000011  c_w.l(libinit2.o)
    0x0000015e   0x00000000   Code   RO          587    .ARM.Collect$$libinit$$00000013  c_w.l(libinit2.o)
    0x0000015e   0x00000000   Code   RO          589    .ARM.Collect$$libinit$$00000015  c_w.l(libinit2.o)
    0x0000015e   0x00000000   Code   RO          591    .ARM.Collect$$libinit$$00000017  c_w.l(libinit2.o)
    0x0000015e   0x00000000   Code   RO          593    .ARM.Collect$$libinit$$00000019  c_w.l(libinit2.o)
    0x0000015e   0x00000000   Code   RO          595    .ARM.Collect$$libinit$$0000001B  c_w.l(libinit2.o)
    0x0000015e   0x00000000   Code   RO          597    .ARM.Collect$$libinit$$0000001D  c_w.l(libinit2.o)
    0x0000015e   0x00000000   Code   RO          599    .ARM.Collect$$libinit$$0000001F  c_w.l(libinit2.o)
    0x0000015e   0x00000000   Code   RO          601    .ARM.Collect$$libinit$$00000021  c_w.l(libinit2.o)
    0x0000015e   0x00000000   Code   RO          603    .ARM.Collect$$libinit$$00000023  c_w.l(libinit2.o)
    0x0000015e   0x00000000   Code   RO          605    .ARM.Collect$$libinit$$00000025  c_w.l(libinit2.o)
    0x0000015e   0x00000000   Code   RO          609    .ARM.Collect$$libinit$$0000002C  c_w.l(libinit2.o)
    0x0000015e   0x00000000   Code   RO          611    .ARM.Collect$$libinit$$0000002E  c_w.l(libinit2.o)
    0x0000015e   0x00000000   Code   RO          613    .ARM.Collect$$libinit$$00000030  c_w.l(libinit2.o)
    0x0000015e   0x00000000   Code   RO          615    .ARM.Collect$$libinit$$00000032  c_w.l(libinit2.o)
    0x0000015e   0x00000002   Code   RO          616    .ARM.Collect$$libinit$$00000033  c_w.l(libinit2.o)
    0x00000160   0x00000002   Code   RO          636    .ARM.Collect$$libshutdown$$00000000  c_w.l(libshutdown.o)
    0x00000162   0x00000000   Code   RO          649    .ARM.Collect$$libshutdown$$00000002  c_w.l(libshutdown2.o)
    0x00000162   0x00000000   Code   RO          651    .ARM.Collect$$libshutdown$$00000004  c_w.l(libshutdown2.o)
    0x00000162   0x00000000   Code   RO          654    .ARM.Collect$$libshutdown$$00000007  c_w.l(libshutdown2.o)
    0x00000162   0x00000000   Code   RO          657    .ARM.Collect$$libshutdown$$0000000A  c_w.l(libshutdown2.o)
    0x00000162   0x00000000   Code   RO          659    .ARM.Collect$$libshutdown$$0000000C  c_w.l(libshutdown2.o)
    0x00000162   0x00000000   Code   RO          662    .ARM.Collect$$libshutdown$$0000000F  c_w.l(libshutdown2.o)
    0x00000162   0x00000002   Code   RO          663    .ARM.Collect$$libshutdown$$00000010  c_w.l(libshutdown2.o)
    0x00000164   0x00000000   Code   RO          435    .ARM.Collect$$rtentry$$00000000  c_w.l(__rtentry.o)
    0x00000164   0x00000000   Code   RO          522    .ARM.Collect$$rtentry$$00000002  c_w.l(__rtentry2.o)
    0x00000164   0x00000006   Code   RO          534    .ARM.Collect$$rtentry$$00000004  c_w.l(__rtentry4.o)
    0x0000016a   0x00000000   Code   RO          524    .ARM.Collect$$rtentry$$00000009  c_w.l(__rtentry2.o)
    0x0000016a   0x00000004   Code   RO          525    .ARM.Collect$$rtentry$$0000000A  c_w.l(__rtentry2.o)
    0x0000016e   0x00000000   Code   RO          527    .ARM.Collect$$rtentry$$0000000C  c_w.l(__rtentry2.o)
    0x0000016e   0x00000008   Code   RO          528    .ARM.Collect$$rtentry$$0000000D  c_w.l(__rtentry2.o)
    0x00000176   0x00000002   Code   RO          570    .ARM.Collect$$rtexit$$00000000  c_w.l(rtexit.o)
    0x00000178   0x00000000   Code   RO          618    .ARM.Collect$$rtexit$$00000002  c_w.l(rtexit2.o)
    0x00000178   0x00000004   Code   RO          619    .ARM.Collect$$rtexit$$00000003  c_w.l(rtexit2.o)
    0x0000017c   0x00000006   Code   RO          620    .ARM.Collect$$rtexit$$00000004  c_w.l(rtexit2.o)
    0x00000182   0x00000002   PAD
    0x00000184   0x0000000a   Code   RO          145    .emb_text           delay.o
    0x0000018e   0x00000002   PAD
    0x00000190   0x00000054   Code   RO          146    .text               delay.o
    0x000001e4   0x000000f8   Code   RO          201    .text               gpio.o
    0x000002dc   0x00000006   Code   RO          319    .text               c_w.l(heapauxi.o)
    0x000002e2   0x00000016   Code   RO          436    .text               c_w.l(_rserrno.o)
    0x000002f8   0x00000002   Code   RO          639    .text               c_w.l(use_no_semi.o)
    0x000002fa   0x00000000   Code   RO          641    .text               c_w.l(indicate_semi.o)
    0x000002fa   0x00000000   Code   RO          452    x$fpl$usenofp       fz_wm.l(usenofp.o)
    0x000002fa   0x00000002   PAD
    0x000002fc   0x00000004   Code   RO          280    .ARM.__at_0x02FC    startup_lpc407x_8x_177x_8x.o
    0x00000300   0x00000550   Code   RO            4    .text               loop_dma.o
    0x00000850   0x000001b0   Code   RO          100    .text               audio.o
    0x00000a00   0x0000024c   Code   RO          167    .text               dma.o
    0x00000c4c   0x000000c0   Code   RO          229    .text               i2c.o
    0x00000d0c   0x000001c0   Code   RO          254    .text               i2s.o
    0x00000ecc   0x0000003c   Code   RO          281    .text               startup_lpc407x_8x_177x_8x.o
    0x00000f08   0x00000220   Code   RO          290    .text               system_lpc407x_8x_177x_8x.o
    0x00001128   0x00000008   Code   RO          539    .text               c_w.l(rt_errno_addr_intlibspace.o)
    0x00001130   0x00000008   Code   RO          557    .text               c_w.l(libspace.o)
    0x00001138   0x0000004a   Code   RO          560    .text               c_w.l(sys_stackheap_outer.o)
    0x00001182   0x00000012   Code   RO          562    .text               c_w.l(exit.o)
    0x00001194   0x0000000c   Code   RO          628    .text               c_w.l(sys_exit.o)
    0x000011a0   0x00000030   Code   RO          553    i.__ARM_fpclassify  m_wm.l(fpclassify.o)
    0x000011d0   0x00000026   Code   RO          490    i.__ARM_fpclassifyf  m_wm.l(fpclassifyf.o)
    0x000011f6   0x00000002   PAD
    0x000011f8   0x000002d8   Code   RO          453    i.__hardfp_atan     m_wm.l(atan.o)
    0x000014d0   0x000001f0   Code   RO          339    i.__hardfp_atan2    m_wm.l(atan2.o)
    0x000016c0   0x00000250   Code   RO          351    i.__hardfp_atan2f   m_wm.l(atan2f.o)
    0x00001910   0x000000c8   Code   RO          363    i.__hardfp_cos      m_wm.l(cos.o)
    0x000019d8   0x00000150   Code   RO          375    i.__hardfp_cosf     m_wm.l(cosf.o)
    0x00001b28   0x000000c8   Code   RO          387    i.__hardfp_sin      m_wm.l(sin.o)
    0x00001bf0   0x00000190   Code   RO          399    i.__hardfp_sinf     m_wm.l(sinf.o)
    0x00001d80   0x0000007a   Code   RO          411    i.__hardfp_sqrt     m_wm.l(sqrt.o)
    0x00001dfa   0x0000003a   Code   RO          423    i.__hardfp_sqrtf    m_wm.l(sqrtf.o)
    0x00001e34   0x00000004   PAD
    0x00001e38   0x00000438   Code   RO          507    i.__ieee754_rem_pio2  m_wm.l(rred.o)
    0x00002270   0x00000170   Code   RO          467    i.__kernel_cos      m_wm.l(cos_i.o)
    0x000023e0   0x000000f8   Code   RO          555    i.__kernel_poly     m_wm.l(poly.o)
    0x000024d8   0x00000130   Code   RO          515    i.__kernel_sin      m_wm.l(sin_i.o)
    0x00002608   0x00000014   Code   RO          471    i.__mathlib_dbl_infnan  m_wm.l(dunder.o)
    0x0000261c   0x00000014   Code   RO          472    i.__mathlib_dbl_infnan2  m_wm.l(dunder.o)
    0x00002630   0x00000020   Code   RO          473    i.__mathlib_dbl_invalid  m_wm.l(dunder.o)
    0x00002650   0x00000020   Code   RO          476    i.__mathlib_dbl_underflow  m_wm.l(dunder.o)
    0x00002670   0x00000006   Code   RO          493    i.__mathlib_flt_infnan  m_wm.l(funder.o)
    0x00002676   0x00000006   Code   RO          494    i.__mathlib_flt_infnan2  m_wm.l(funder.o)
    0x0000267c   0x00000010   Code   RO          495    i.__mathlib_flt_invalid  m_wm.l(funder.o)
    0x0000268c   0x00000010   Code   RO          498    i.__mathlib_flt_underflow  m_wm.l(funder.o)
    0x0000269c   0x00000154   Code   RO          512    i.__mathlib_rredf2  m_wm.l(rredf.o)
    0x000027f0   0x00000010   Code   RO          455    i.atan              m_wm.l(atan.o)
    0x00002800   0x00000018   Code   RO          486    i.fabs              m_wm.l(fabs.o)
    0x00002818   0x00000018   Code   RO          438    x$fpl$basic         fz_wm.l(basic.o)
    0x00002830   0x00000062   Code   RO          323    x$fpl$d2f           fz_wm.l(d2f.o)
    0x00002892   0x00000002   PAD
    0x00002894   0x00000150   Code   RO          325    x$fpl$dadd          fz_wm.l(daddsub_clz.o)
    0x000029e4   0x000002b0   Code   RO          332    x$fpl$ddiv          fz_wm.l(ddiv.o)
    0x00002c94   0x0000005e   Code   RO          543    x$fpl$dfix          fz_wm.l(dfix.o)
    0x00002cf2   0x0000002e   Code   RO          548    x$fpl$dflt          fz_wm.l(dflt_clz.o)
    0x00002d20   0x00000026   Code   RO          547    x$fpl$dfltu         fz_wm.l(dflt_clz.o)
    0x00002d46   0x00000002   PAD
    0x00002d48   0x00000154   Code   RO          335    x$fpl$dmul          fz_wm.l(dmul.o)
    0x00002e9c   0x0000009c   Code   RO          442    x$fpl$dnaninf       fz_wm.l(dnaninf.o)
    0x00002f38   0x0000000c   Code   RO          444    x$fpl$dretinf       fz_wm.l(dretinf.o)
    0x00002f44   0x00000016   Code   RO          326    x$fpl$drsb          fz_wm.l(daddsub_clz.o)
    0x00002f5a   0x00000002   PAD
    0x00002f5c   0x00000198   Code   RO          446    x$fpl$dsqrt         fz_wm.l(dsqrt_umaal.o)
    0x000030f4   0x000001d4   Code   RO          327    x$fpl$dsub          fz_wm.l(daddsub_clz.o)
    0x000032c8   0x00000056   Code   RO          337    x$fpl$f2d           fz_wm.l(f2d.o)
    0x0000331e   0x0000008c   Code   RO          448    x$fpl$fnaninf       fz_wm.l(fnaninf.o)
    0x000033aa   0x0000000a   Code   RO          626    x$fpl$fpinit        fz_wm.l(fpinit.o)
    0x000033b4   0x0000000a   Code   RO          450    x$fpl$fretinf       fz_wm.l(fretinf.o)
    0x000033be   0x00000002   PAD
    0x000033c0   0x00000098   Data   RO          456    .constdata          m_wm.l(atan.o)
    0x00003458   0x00000030   Data   RO          468    .constdata          m_wm.l(cos_i.o)
    0x00003488   0x00000008   Data   RO          506    .constdata          m_wm.l(qnan.o)
    0x00003490   0x000000c8   Data   RO          509    .constdata          m_wm.l(rred.o)
    0x00003558   0x00000020   Data   RO          513    .constdata          m_wm.l(rredf.o)
    0x00003578   0x00000028   Data   RO          516    .constdata          m_wm.l(sin_i.o)
    0x000035a0   0x00000020   Data   RO          694    Region$$Table       anon$$obj.o


    Execution Region RW_IRAM1 (Base: 0x10000000, Size: 0x00002a18, Max: 0x00010000, ABSOLUTE)

    Base Addr    Size         Type   Attr      Idx    E Section Name        Object

    0x10000000   0x00000014   Data   RW            7    .data               loop_dma.o
    0x10000014   0x00000008   Data   RW          102    .data               audio.o
    0x1000001c   0x00000084   Data   RW          168    .data               dma.o
    0x100000a0   0x00000004   Data   RW          255    .data               i2s.o
    0x100000a4   0x00000010   Data   RW          291    .data               system_lpc407x_8x_177x_8x.o
    0x100000b4   0x00002100   Zero   RW            5    .bss                loop_dma.o
    0x100021b4   0x00000400   Zero   RW          101    .bss                audio.o
    0x100025b4   0x00000060   Zero   RW          558    .bss                c_w.l(libspace.o)
    0x10002614   0x00000004   PAD
    0x10002618   0x00000000   Zero   RW          278    HEAP                startup_lpc407x_8x_177x_8x.o
    0x10002618   0x00000400   Zero   RW          277    STACK               startup_lpc407x_8x_177x_8x.o


==============================================================================

Image component sizes


      Code (inc. data)   RO Data    RW Data    ZI Data      Debug   Object Name

       432         26          0          8       1024      30766   audio.o
        94         12          0          0          0       1220   delay.o
       588         28          0        132          0      33156   dma.o
       248         20          0          0          0       3649   gpio.o
       192         14          0          0          0       2452   i2c.o
       448         22          0          4          0       3722   i2s.o
      1360         70          0         20       8448      45902   loop_dma.o
        64         26        228          0       1024       1116   startup_lpc407x_8x_177x_8x.o
       544         30          0         16          0       3612   system_lpc407x_8x_177x_8x.o

    ----------------------------------------------------------------------
      3972        248        260        180      10496     125595   Object Totals
         0          0         32          0          0          0   (incl. Generated)
         2          0          0          0          0          0   (incl. Padding)

    ----------------------------------------------------------------------

      Code (inc. data)   RO Data    RW Data    ZI Data      Debug   Library Member Name

         8          0          0          0          0         68   __main.o
         0          0          0          0          0          0   __rtentry.o
        12          0          0          0          0          0   __rtentry2.o
         6          0          0          0          0          0   __rtentry4.o
        52          8          0          0          0          0   __scatter.o
        26          0          0          0          0          0   __scatter_copy.o
        28          0          0          0          0          0   __scatter_zi.o
        22          0          0          0          0        100   _rserrno.o
        18          0          0          0          0         80   exit.o
         6          0          0          0          0        152   heapauxi.o
         0          0          0          0          0          0   indicate_semi.o
         2          0          0          0          0          0   libinit.o
         6          0          0          0          0          0   libinit2.o
         2          0          0          0          0          0   libshutdown.o
         2          0          0          0          0          0   libshutdown2.o
         8          4          0          0         96         68   libspace.o
         8          4          0          0          0         68   rt_errno_addr_intlibspace.o
         2          0          0          0          0          0   rtexit.o
        10          0          0          0          0          0   rtexit2.o
        12          4          0          0          0         68   sys_exit.o
        74          0          0          0          0         80   sys_stackheap_outer.o
         2          0          0          0          0         68   use_no_semi.o
        24          0          0          0          0        164   basic.o
        98          4          0          0          0        140   d2f.o
       826         16          0          0          0        492   daddsub_clz.o
       688        140          0          0          0        256   ddiv.o
        94          4          0          0          0        140   dfix.o
        84          0          0          0          0        232   dflt_clz.o
       340         12          0          0          0        152   dmul.o
       156          4          0          0          0        140   dnaninf.o
        12          0          0          0          0        116   dretinf.o
       408         56          0          0          0        168   dsqrt_umaal.o
        86          4          0          0          0        132   f2d.o
       140          4          0          0          0        132   fnaninf.o
        10          0          0          0          0        116   fpinit.o
        10          0          0          0          0        116   fretinf.o
         0          0          0          0          0          0   usenofp.o
       744        106        152          0          0        352   atan.o
       496         64          0          0          0        192   atan2.o
       592         90          0          0          0        184   atan2f.o
       200         20          0          0          0        164   cos.o
       368         46         48          0          0        200   cos_i.o
       336         56          0          0          0        136   cosf.o
       104         16          0          0          0        496   dunder.o
        24          0          0          0          0        124   fabs.o
        48          0          0          0          0        124   fpclassify.o
        38          0          0          0          0        116   fpclassifyf.o
        44         12          0          0          0        464   funder.o
       248          0          0          0          0        152   poly.o
         0          0          8          0          0          0   qnan.o
      1080        142        200          0          0        188   rred.o
       340         24         32          0          0        160   rredf.o
       200         20          0          0          0        164   sin.o
       304         24         40          0          0        208   sin_i.o
       400         56          0          0          0        212   sinf.o
       122          0          0          0          0        148   sqrt.o
        58          0          0          0          0        136   sqrtf.o

    ----------------------------------------------------------------------
      9048        940        480          0        100       7168   Library Totals
        20          0          0          0          4          0   (incl. Padding)

    ----------------------------------------------------------------------

      Code (inc. data)   RO Data    RW Data    ZI Data      Debug   Library Name

       306         20          0          0         96        752   c_w.l
      2976        244          0          0          0       2496   fz_wm.l
      5746        676        480          0          0       3920   m_wm.l

    ----------------------------------------------------------------------
      9048        940        480          0        100       7168   Library Totals

    ----------------------------------------------------------------------

==============================================================================


      Code (inc. data)   RO Data    RW Data    ZI Data      Debug   

     13020       1188        740        180      10596     126503   Grand Totals
     13020       1188        740        180      10596     126503   ELF Image Totals
     13020       1188        740        180          0          0   ROM Totals

==============================================================================

    Total RO  Size (Code + RO Data)                13760 (  13.44kB)
    Total RW  Size (RW Data + ZI Data)             10776 (  10.52kB)
    Total ROM Size (Code + RO Data + RW Data)      13940 (  13.61kB)

==============================================================================

